###############################################################################
#
# IAR ELF Linker V8.20.2.14835/W32 for ARM                20/Mar/2018  23:12:52
# Copyright 2007-2017 IAR Systems AB.
#
#    Output file  =  
#        C:\Users\nickm\OneDrive\Documents\NTU\Year 3\Semester 2\CE4053
#        Embedded OS\Lab (Free Access)\Repository\ce4053\Micrium Phase
#        2\Software\EvalBoards\TI\LM3S9B92-EVALBOT\IAR\uCOS-III-CE4053_PG\Flash\Exe\uCOS-III-Ex4.out
#    Map file     =  
#        C:\Users\nickm\OneDrive\Documents\NTU\Year 3\Semester 2\CE4053
#        Embedded OS\Lab (Free Access)\Repository\ce4053\Micrium Phase
#        2\Software\EvalBoards\TI\LM3S9B92-EVALBOT\IAR\uCOS-III-CE4053_PG\Flash\List\uCOS-III-Ex4.map
#    Command line =  
#        -f C:\Users\nickm\AppData\Local\Temp\EWD0FD.tmp
#        ("C:\Users\nickm\OneDrive\Documents\NTU\Year 3\Semester 2\CE4053
#        Embedded OS\Lab (Free Access)\Repository\ce4053\Micrium Phase
#        2\Software\EvalBoards\TI\LM3S9B92-EVALBOT\IAR\uCOS-III-CE4053_PG\Flash\Obj\adc.o"
#        "C:\Users\nickm\OneDrive\Documents\NTU\Year 3\Semester 2\CE4053
#        Embedded OS\Lab (Free Access)\Repository\ce4053\Micrium Phase
#        2\Software\EvalBoards\TI\LM3S9B92-EVALBOT\IAR\uCOS-III-CE4053_PG\Flash\Obj\app.o"
#        "C:\Users\nickm\OneDrive\Documents\NTU\Year 3\Semester 2\CE4053
#        Embedded OS\Lab (Free Access)\Repository\ce4053\Micrium Phase
#        2\Software\EvalBoards\TI\LM3S9B92-EVALBOT\IAR\uCOS-III-CE4053_PG\Flash\Obj\app_vect.o"
#        "C:\Users\nickm\OneDrive\Documents\NTU\Year 3\Semester 2\CE4053
#        Embedded OS\Lab (Free Access)\Repository\ce4053\Micrium Phase
#        2\Software\EvalBoards\TI\LM3S9B92-EVALBOT\IAR\uCOS-III-CE4053_PG\Flash\Obj\avltree.o"
#        "C:\Users\nickm\OneDrive\Documents\NTU\Year 3\Semester 2\CE4053
#        Embedded OS\Lab (Free Access)\Repository\ce4053\Micrium Phase
#        2\Software\EvalBoards\TI\LM3S9B92-EVALBOT\IAR\uCOS-III-CE4053_PG\Flash\Obj\bsp.o"
#        "C:\Users\nickm\OneDrive\Documents\NTU\Year 3\Semester 2\CE4053
#        Embedded OS\Lab (Free Access)\Repository\ce4053\Micrium Phase
#        2\Software\EvalBoards\TI\LM3S9B92-EVALBOT\IAR\uCOS-III-CE4053_PG\Flash\Obj\bsp_dac.o"
#        "C:\Users\nickm\OneDrive\Documents\NTU\Year 3\Semester 2\CE4053
#        Embedded OS\Lab (Free Access)\Repository\ce4053\Micrium Phase
#        2\Software\EvalBoards\TI\LM3S9B92-EVALBOT\IAR\uCOS-III-CE4053_PG\Flash\Obj\bsp_display.o"
#        "C:\Users\nickm\OneDrive\Documents\NTU\Year 3\Semester 2\CE4053
#        Embedded OS\Lab (Free Access)\Repository\ce4053\Micrium Phase
#        2\Software\EvalBoards\TI\LM3S9B92-EVALBOT\IAR\uCOS-III-CE4053_PG\Flash\Obj\bsp_int.o"
#        "C:\Users\nickm\OneDrive\Documents\NTU\Year 3\Semester 2\CE4053
#        Embedded OS\Lab (Free Access)\Repository\ce4053\Micrium Phase
#        2\Software\EvalBoards\TI\LM3S9B92-EVALBOT\IAR\uCOS-III-CE4053_PG\Flash\Obj\bsp_io.o"
#        "C:\Users\nickm\OneDrive\Documents\NTU\Year 3\Semester 2\CE4053
#        Embedded OS\Lab (Free Access)\Repository\ce4053\Micrium Phase
#        2\Software\EvalBoards\TI\LM3S9B92-EVALBOT\IAR\uCOS-III-CE4053_PG\Flash\Obj\bsp_motor.o"
#        "C:\Users\nickm\OneDrive\Documents\NTU\Year 3\Semester 2\CE4053
#        Embedded OS\Lab (Free Access)\Repository\ce4053\Micrium Phase
#        2\Software\EvalBoards\TI\LM3S9B92-EVALBOT\IAR\uCOS-III-CE4053_PG\Flash\Obj\bsp_sensors.o"
#        "C:\Users\nickm\OneDrive\Documents\NTU\Year 3\Semester 2\CE4053
#        Embedded OS\Lab (Free Access)\Repository\ce4053\Micrium Phase
#        2\Software\EvalBoards\TI\LM3S9B92-EVALBOT\IAR\uCOS-III-CE4053_PG\Flash\Obj\can.o"
#        "C:\Users\nickm\OneDrive\Documents\NTU\Year 3\Semester 2\CE4053
#        Embedded OS\Lab (Free Access)\Repository\ce4053\Micrium Phase
#        2\Software\EvalBoards\TI\LM3S9B92-EVALBOT\IAR\uCOS-III-CE4053_PG\Flash\Obj\comp.o"
#        "C:\Users\nickm\OneDrive\Documents\NTU\Year 3\Semester 2\CE4053
#        Embedded OS\Lab (Free Access)\Repository\ce4053\Micrium Phase
#        2\Software\EvalBoards\TI\LM3S9B92-EVALBOT\IAR\uCOS-III-CE4053_PG\Flash\Obj\cpu_.o"
#        "C:\Users\nickm\OneDrive\Documents\NTU\Year 3\Semester 2\CE4053
#        Embedded OS\Lab (Free Access)\Repository\ce4053\Micrium Phase
#        2\Software\EvalBoards\TI\LM3S9B92-EVALBOT\IAR\uCOS-III-CE4053_PG\Flash\Obj\cpu_a.o"
#        "C:\Users\nickm\OneDrive\Documents\NTU\Year 3\Semester 2\CE4053
#        Embedded OS\Lab (Free Access)\Repository\ce4053\Micrium Phase
#        2\Software\EvalBoards\TI\LM3S9B92-EVALBOT\IAR\uCOS-III-CE4053_PG\Flash\Obj\cpu_bsp.o"
#        "C:\Users\nickm\OneDrive\Documents\NTU\Year 3\Semester 2\CE4053
#        Embedded OS\Lab (Free Access)\Repository\ce4053\Micrium Phase
#        2\Software\EvalBoards\TI\LM3S9B92-EVALBOT\IAR\uCOS-III-CE4053_PG\Flash\Obj\cpu_c.o"
#        "C:\Users\nickm\OneDrive\Documents\NTU\Year 3\Semester 2\CE4053
#        Embedded OS\Lab (Free Access)\Repository\ce4053\Micrium Phase
#        2\Software\EvalBoards\TI\LM3S9B92-EVALBOT\IAR\uCOS-III-CE4053_PG\Flash\Obj\cpu_core.o"
#        "C:\Users\nickm\OneDrive\Documents\NTU\Year 3\Semester 2\CE4053
#        Embedded OS\Lab (Free Access)\Repository\ce4053\Micrium Phase
#        2\Software\EvalBoards\TI\LM3S9B92-EVALBOT\IAR\uCOS-III-CE4053_PG\Flash\Obj\epi.o"
#        "C:\Users\nickm\OneDrive\Documents\NTU\Year 3\Semester 2\CE4053
#        Embedded OS\Lab (Free Access)\Repository\ce4053\Micrium Phase
#        2\Software\EvalBoards\TI\LM3S9B92-EVALBOT\IAR\uCOS-III-CE4053_PG\Flash\Obj\ethernet.o"
#        "C:\Users\nickm\OneDrive\Documents\NTU\Year 3\Semester 2\CE4053
#        Embedded OS\Lab (Free Access)\Repository\ce4053\Micrium Phase
#        2\Software\EvalBoards\TI\LM3S9B92-EVALBOT\IAR\uCOS-III-CE4053_PG\Flash\Obj\fatfs.o"
#        "C:\Users\nickm\OneDrive\Documents\NTU\Year 3\Semester 2\CE4053
#        Embedded OS\Lab (Free Access)\Repository\ce4053\Micrium Phase
#        2\Software\EvalBoards\TI\LM3S9B92-EVALBOT\IAR\uCOS-III-CE4053_PG\Flash\Obj\flash.o"
#        "C:\Users\nickm\OneDrive\Documents\NTU\Year 3\Semester 2\CE4053
#        Embedded OS\Lab (Free Access)\Repository\ce4053\Micrium Phase
#        2\Software\EvalBoards\TI\LM3S9B92-EVALBOT\IAR\uCOS-III-CE4053_PG\Flash\Obj\gpio.o"
#        "C:\Users\nickm\OneDrive\Documents\NTU\Year 3\Semester 2\CE4053
#        Embedded OS\Lab (Free Access)\Repository\ce4053\Micrium Phase
#        2\Software\EvalBoards\TI\LM3S9B92-EVALBOT\IAR\uCOS-III-CE4053_PG\Flash\Obj\heap.o"
#        "C:\Users\nickm\OneDrive\Documents\NTU\Year 3\Semester 2\CE4053
#        Embedded OS\Lab (Free Access)\Repository\ce4053\Micrium Phase
#        2\Software\EvalBoards\TI\LM3S9B92-EVALBOT\IAR\uCOS-III-CE4053_PG\Flash\Obj\hibernate.o"
#        "C:\Users\nickm\OneDrive\Documents\NTU\Year 3\Semester 2\CE4053
#        Embedded OS\Lab (Free Access)\Repository\ce4053\Micrium Phase
#        2\Software\EvalBoards\TI\LM3S9B92-EVALBOT\IAR\uCOS-III-CE4053_PG\Flash\Obj\i2c.o"
#        "C:\Users\nickm\OneDrive\Documents\NTU\Year 3\Semester 2\CE4053
#        Embedded OS\Lab (Free Access)\Repository\ce4053\Micrium Phase
#        2\Software\EvalBoards\TI\LM3S9B92-EVALBOT\IAR\uCOS-III-CE4053_PG\Flash\Obj\i2s.o"
#        "C:\Users\nickm\OneDrive\Documents\NTU\Year 3\Semester 2\CE4053
#        Embedded OS\Lab (Free Access)\Repository\ce4053\Micrium Phase
#        2\Software\EvalBoards\TI\LM3S9B92-EVALBOT\IAR\uCOS-III-CE4053_PG\Flash\Obj\interrupt.o"
#        "C:\Users\nickm\OneDrive\Documents\NTU\Year 3\Semester 2\CE4053
#        Embedded OS\Lab (Free Access)\Repository\ce4053\Micrium Phase
#        2\Software\EvalBoards\TI\LM3S9B92-EVALBOT\IAR\uCOS-III-CE4053_PG\Flash\Obj\lib_ascii.o"
#        "C:\Users\nickm\OneDrive\Documents\NTU\Year 3\Semester 2\CE4053
#        Embedded OS\Lab (Free Access)\Repository\ce4053\Micrium Phase
#        2\Software\EvalBoards\TI\LM3S9B92-EVALBOT\IAR\uCOS-III-CE4053_PG\Flash\Obj\lib_math.o"
#        "C:\Users\nickm\OneDrive\Documents\NTU\Year 3\Semester 2\CE4053
#        Embedded OS\Lab (Free Access)\Repository\ce4053\Micrium Phase
#        2\Software\EvalBoards\TI\LM3S9B92-EVALBOT\IAR\uCOS-III-CE4053_PG\Flash\Obj\lib_mem.o"
#        "C:\Users\nickm\OneDrive\Documents\NTU\Year 3\Semester 2\CE4053
#        Embedded OS\Lab (Free Access)\Repository\ce4053\Micrium Phase
#        2\Software\EvalBoards\TI\LM3S9B92-EVALBOT\IAR\uCOS-III-CE4053_PG\Flash\Obj\lib_str.o"
#        "C:\Users\nickm\OneDrive\Documents\NTU\Year 3\Semester 2\CE4053
#        Embedded OS\Lab (Free Access)\Repository\ce4053\Micrium Phase
#        2\Software\EvalBoards\TI\LM3S9B92-EVALBOT\IAR\uCOS-III-CE4053_PG\Flash\Obj\microsd.o"
#        "C:\Users\nickm\OneDrive\Documents\NTU\Year 3\Semester 2\CE4053
#        Embedded OS\Lab (Free Access)\Repository\ce4053\Micrium Phase
#        2\Software\EvalBoards\TI\LM3S9B92-EVALBOT\IAR\uCOS-III-CE4053_PG\Flash\Obj\mpu.o"
#        "C:\Users\nickm\OneDrive\Documents\NTU\Year 3\Semester 2\CE4053
#        Embedded OS\Lab (Free Access)\Repository\ce4053\Micrium Phase
#        2\Software\EvalBoards\TI\LM3S9B92-EVALBOT\IAR\uCOS-III-CE4053_PG\Flash\Obj\os_app_hooks.o"
#        "C:\Users\nickm\OneDrive\Documents\NTU\Year 3\Semester 2\CE4053
#        Embedded OS\Lab (Free Access)\Repository\ce4053\Micrium Phase
#        2\Software\EvalBoards\TI\LM3S9B92-EVALBOT\IAR\uCOS-III-CE4053_PG\Flash\Obj\os_cfg_app.o"
#        "C:\Users\nickm\OneDrive\Documents\NTU\Year 3\Semester 2\CE4053
#        Embedded OS\Lab (Free Access)\Repository\ce4053\Micrium Phase
#        2\Software\EvalBoards\TI\LM3S9B92-EVALBOT\IAR\uCOS-III-CE4053_PG\Flash\Obj\os_core.o"
#        "C:\Users\nickm\OneDrive\Documents\NTU\Year 3\Semester 2\CE4053
#        Embedded OS\Lab (Free Access)\Repository\ce4053\Micrium Phase
#        2\Software\EvalBoards\TI\LM3S9B92-EVALBOT\IAR\uCOS-III-CE4053_PG\Flash\Obj\os_cpu_a.o"
#        "C:\Users\nickm\OneDrive\Documents\NTU\Year 3\Semester 2\CE4053
#        Embedded OS\Lab (Free Access)\Repository\ce4053\Micrium Phase
#        2\Software\EvalBoards\TI\LM3S9B92-EVALBOT\IAR\uCOS-III-CE4053_PG\Flash\Obj\os_cpu_c.o"
#        "C:\Users\nickm\OneDrive\Documents\NTU\Year 3\Semester 2\CE4053
#        Embedded OS\Lab (Free Access)\Repository\ce4053\Micrium Phase
#        2\Software\EvalBoards\TI\LM3S9B92-EVALBOT\IAR\uCOS-III-CE4053_PG\Flash\Obj\os_dbg.o"
#        "C:\Users\nickm\OneDrive\Documents\NTU\Year 3\Semester 2\CE4053
#        Embedded OS\Lab (Free Access)\Repository\ce4053\Micrium Phase
#        2\Software\EvalBoards\TI\LM3S9B92-EVALBOT\IAR\uCOS-III-CE4053_PG\Flash\Obj\os_flag.o"
#        "C:\Users\nickm\OneDrive\Documents\NTU\Year 3\Semester 2\CE4053
#        Embedded OS\Lab (Free Access)\Repository\ce4053\Micrium Phase
#        2\Software\EvalBoards\TI\LM3S9B92-EVALBOT\IAR\uCOS-III-CE4053_PG\Flash\Obj\os_int.o"
#        "C:\Users\nickm\OneDrive\Documents\NTU\Year 3\Semester 2\CE4053
#        Embedded OS\Lab (Free Access)\Repository\ce4053\Micrium Phase
#        2\Software\EvalBoards\TI\LM3S9B92-EVALBOT\IAR\uCOS-III-CE4053_PG\Flash\Obj\os_mem.o"
#        "C:\Users\nickm\OneDrive\Documents\NTU\Year 3\Semester 2\CE4053
#        Embedded OS\Lab (Free Access)\Repository\ce4053\Micrium Phase
#        2\Software\EvalBoards\TI\LM3S9B92-EVALBOT\IAR\uCOS-III-CE4053_PG\Flash\Obj\os_msg.o"
#        "C:\Users\nickm\OneDrive\Documents\NTU\Year 3\Semester 2\CE4053
#        Embedded OS\Lab (Free Access)\Repository\ce4053\Micrium Phase
#        2\Software\EvalBoards\TI\LM3S9B92-EVALBOT\IAR\uCOS-III-CE4053_PG\Flash\Obj\os_mutex.o"
#        "C:\Users\nickm\OneDrive\Documents\NTU\Year 3\Semester 2\CE4053
#        Embedded OS\Lab (Free Access)\Repository\ce4053\Micrium Phase
#        2\Software\EvalBoards\TI\LM3S9B92-EVALBOT\IAR\uCOS-III-CE4053_PG\Flash\Obj\os_pend_multi.o"
#        "C:\Users\nickm\OneDrive\Documents\NTU\Year 3\Semester 2\CE4053
#        Embedded OS\Lab (Free Access)\Repository\ce4053\Micrium Phase
#        2\Software\EvalBoards\TI\LM3S9B92-EVALBOT\IAR\uCOS-III-CE4053_PG\Flash\Obj\os_prio.o"
#        "C:\Users\nickm\OneDrive\Documents\NTU\Year 3\Semester 2\CE4053
#        Embedded OS\Lab (Free Access)\Repository\ce4053\Micrium Phase
#        2\Software\EvalBoards\TI\LM3S9B92-EVALBOT\IAR\uCOS-III-CE4053_PG\Flash\Obj\os_q.o"
#        "C:\Users\nickm\OneDrive\Documents\NTU\Year 3\Semester 2\CE4053
#        Embedded OS\Lab (Free Access)\Repository\ce4053\Micrium Phase
#        2\Software\EvalBoards\TI\LM3S9B92-EVALBOT\IAR\uCOS-III-CE4053_PG\Flash\Obj\os_sem.o"
#        "C:\Users\nickm\OneDrive\Documents\NTU\Year 3\Semester 2\CE4053
#        Embedded OS\Lab (Free Access)\Repository\ce4053\Micrium Phase
#        2\Software\EvalBoards\TI\LM3S9B92-EVALBOT\IAR\uCOS-III-CE4053_PG\Flash\Obj\os_stat.o"
#        "C:\Users\nickm\OneDrive\Documents\NTU\Year 3\Semester 2\CE4053
#        Embedded OS\Lab (Free Access)\Repository\ce4053\Micrium Phase
#        2\Software\EvalBoards\TI\LM3S9B92-EVALBOT\IAR\uCOS-III-CE4053_PG\Flash\Obj\os_task.o"
#        "C:\Users\nickm\OneDrive\Documents\NTU\Year 3\Semester 2\CE4053
#        Embedded OS\Lab (Free Access)\Repository\ce4053\Micrium Phase
#        2\Software\EvalBoards\TI\LM3S9B92-EVALBOT\IAR\uCOS-III-CE4053_PG\Flash\Obj\os_tick.o"
#        "C:\Users\nickm\OneDrive\Documents\NTU\Year 3\Semester 2\CE4053
#        Embedded OS\Lab (Free Access)\Repository\ce4053\Micrium Phase
#        2\Software\EvalBoards\TI\LM3S9B92-EVALBOT\IAR\uCOS-III-CE4053_PG\Flash\Obj\os_time.o"
#        "C:\Users\nickm\OneDrive\Documents\NTU\Year 3\Semester 2\CE4053
#        Embedded OS\Lab (Free Access)\Repository\ce4053\Micrium Phase
#        2\Software\EvalBoards\TI\LM3S9B92-EVALBOT\IAR\uCOS-III-CE4053_PG\Flash\Obj\os_tmr.o"
#        "C:\Users\nickm\OneDrive\Documents\NTU\Year 3\Semester 2\CE4053
#        Embedded OS\Lab (Free Access)\Repository\ce4053\Micrium Phase
#        2\Software\EvalBoards\TI\LM3S9B92-EVALBOT\IAR\uCOS-III-CE4053_PG\Flash\Obj\os_var.o"
#        "C:\Users\nickm\OneDrive\Documents\NTU\Year 3\Semester 2\CE4053
#        Embedded OS\Lab (Free Access)\Repository\ce4053\Micrium Phase
#        2\Software\EvalBoards\TI\LM3S9B92-EVALBOT\IAR\uCOS-III-CE4053_PG\Flash\Obj\pwm.o"
#        "C:\Users\nickm\OneDrive\Documents\NTU\Year 3\Semester 2\CE4053
#        Embedded OS\Lab (Free Access)\Repository\ce4053\Micrium Phase
#        2\Software\EvalBoards\TI\LM3S9B92-EVALBOT\IAR\uCOS-III-CE4053_PG\Flash\Obj\qei.o"
#        "C:\Users\nickm\OneDrive\Documents\NTU\Year 3\Semester 2\CE4053
#        Embedded OS\Lab (Free Access)\Repository\ce4053\Micrium Phase
#        2\Software\EvalBoards\TI\LM3S9B92-EVALBOT\IAR\uCOS-III-CE4053_PG\Flash\Obj\ssi.o"
#        "C:\Users\nickm\OneDrive\Documents\NTU\Year 3\Semester 2\CE4053
#        Embedded OS\Lab (Free Access)\Repository\ce4053\Micrium Phase
#        2\Software\EvalBoards\TI\LM3S9B92-EVALBOT\IAR\uCOS-III-CE4053_PG\Flash\Obj\sysctl.o"
#        "C:\Users\nickm\OneDrive\Documents\NTU\Year 3\Semester 2\CE4053
#        Embedded OS\Lab (Free Access)\Repository\ce4053\Micrium Phase
#        2\Software\EvalBoards\TI\LM3S9B92-EVALBOT\IAR\uCOS-III-CE4053_PG\Flash\Obj\systick.o"
#        "C:\Users\nickm\OneDrive\Documents\NTU\Year 3\Semester 2\CE4053
#        Embedded OS\Lab (Free Access)\Repository\ce4053\Micrium Phase
#        2\Software\EvalBoards\TI\LM3S9B92-EVALBOT\IAR\uCOS-III-CE4053_PG\Flash\Obj\timer.o"
#        "C:\Users\nickm\OneDrive\Documents\NTU\Year 3\Semester 2\CE4053
#        Embedded OS\Lab (Free Access)\Repository\ce4053\Micrium Phase
#        2\Software\EvalBoards\TI\LM3S9B92-EVALBOT\IAR\uCOS-III-CE4053_PG\Flash\Obj\uart.o"
#        "C:\Users\nickm\OneDrive\Documents\NTU\Year 3\Semester 2\CE4053
#        Embedded OS\Lab (Free Access)\Repository\ce4053\Micrium Phase
#        2\Software\EvalBoards\TI\LM3S9B92-EVALBOT\IAR\uCOS-III-CE4053_PG\Flash\Obj\udma.o"
#        "C:\Users\nickm\OneDrive\Documents\NTU\Year 3\Semester 2\CE4053
#        Embedded OS\Lab (Free Access)\Repository\ce4053\Micrium Phase
#        2\Software\EvalBoards\TI\LM3S9B92-EVALBOT\IAR\uCOS-III-CE4053_PG\Flash\Obj\usb.o"
#        "C:\Users\nickm\OneDrive\Documents\NTU\Year 3\Semester 2\CE4053
#        Embedded OS\Lab (Free Access)\Repository\ce4053\Micrium Phase
#        2\Software\EvalBoards\TI\LM3S9B92-EVALBOT\IAR\uCOS-III-CE4053_PG\Flash\Obj\watchdog.o"
#        --redirect _Printf=_PrintfFull --redirect _Scanf=_ScanfFull -o
#        "C:\Users\nickm\OneDrive\Documents\NTU\Year 3\Semester 2\CE4053
#        Embedded OS\Lab (Free Access)\Repository\ce4053\Micrium Phase
#        2\Software\EvalBoards\TI\LM3S9B92-EVALBOT\IAR\uCOS-III-CE4053_PG\Flash\Exe\uCOS-III-Ex4.out"
#        --map "C:\Users\nickm\OneDrive\Documents\NTU\Year 3\Semester 2\CE4053
#        Embedded OS\Lab (Free Access)\Repository\ce4053\Micrium Phase
#        2\Software\EvalBoards\TI\LM3S9B92-EVALBOT\IAR\uCOS-III-CE4053_PG\Flash\List\uCOS-III-Ex4.map"
#        --config "C:\Users\nickm\OneDrive\Documents\NTU\Year 3\Semester
#        2\CE4053 Embedded OS\Lab (Free Access)\Repository\ce4053\Micrium Phase
#        2\Software\EvalBoards\TI\LM3S9B92-EVALBOT\IAR\uCOS-III-CE4053_PG\..\BSP\LM3S9B92_Flash.icf"
#        --semihosting --entry __iar_program_start --vfe --text_out locale)
#
###############################################################################

*******************************************************************************
*** RUNTIME MODEL ATTRIBUTES
***

CppFlavor       = *
__SystemLibrary = DLib
__dlib_version  = 6


*******************************************************************************
*** HEAP SELECTION
***

The basic heap was selected because some modules are built with
size limitations (and not runtime checking), and --advanced_heap
was not specified.


*******************************************************************************
*** PLACEMENT SUMMARY
***

"A0":  place at start of [from 0x00000000 to 0x0003ffff] { ro section .intvec };
"P1":  place in [from 0x00000000 to 0x0003ffff] { ro };
"P2":  place in [from 0x00000000 to 0x0003ffff] { section wave_1 };
"P3":  place in [from 0x00000000 to 0x0003ffff] { section wave_2 };
"P4":  place in [from 0x00000000 to 0x0003ffff] { section wave_3 };
"P5":  place in [from 0x00000000 to 0x0003ffff] { section wave_4 };
"P6":  place in [from 0x00000000 to 0x0003ffff] { section wave_5 };
define block HEAP with size = 0M, alignment = 8 { };
define block CSTACK with size = 1K, alignment = 8 { };
"P7":  place in [from 0x20000000 to 0x20017fff] {
          rw, block HEAP, block CSTACK };
initialize by copy { rw };

No sections matched the following patterns:

  section wave_1  in "P1-P6"
  section wave_2  in "P1-P6"
  section wave_3  in "P1-P6"
  section wave_4  in "P1-P6"
  section wave_5  in "P1-P6"


  Section            Kind        Address    Size  Object
  -------            ----        -------    ----  ------
"A0":                                      0x11c
  .intvec            const    0x00000000   0x11c  app_vect.o [1]
                            - 0x0000011c   0x11c

"P1-P6":                                  0x4edf
  .text              ro code  0x0000011c   0xaa6  os_core.o [1]
  .rodata            const    0x00000bc2     0x2  os_cfg_app.o [1]
  .text              ro code  0x00000bc4    0xec  heap.o [1]
  .text              ro code  0x00000cb0   0x15c  os_cpu_c.o [1]
  .text              ro code  0x00000e0c    0x94  os_prio.o [1]
  .text              ro code  0x00000ea0   0x558  avltree.o [1]
  .text              ro code  0x000013f8   0x604  os_task.o [1]
  .text              ro code  0x000019fc   0x620  os_tick.o [1]
  .text              ro code  0x0000201c    0x1c  os_flag.o [1]
  .text              ro code  0x00002038    0xd0  os_msg.o [1]
  .text              ro code  0x00002108   0x3d0  os_mutex.o [1]
  .text              ro code  0x000024d8    0xb4  os_q.o [1]
  .text              ro code  0x0000258c   0x2f0  os_tmr.o [1]
  .text              ro code  0x0000287c   0x188  os_dbg.o [1]
  .text              ro code  0x00002a04    0xac  os_cfg_app.o [1]
  CODE               ro code  0x00002ab0    0x2a  cpu_a.o [1]
  .rodata            const    0x00002ada     0x2  os_cfg_app.o [1]
  .text              ro code  0x00002adc   0x198  cpu_core.o [1]
  CODE               ro code  0x00002c74    0x84  os_cpu_a.o [1]
  .text              ro code  0x00002cf8    0x28  cpu_bsp.o [1]
  .text              ro code  0x00002d20     0x6  ABImemclr4.o [5]
  .rodata            const    0x00002d26     0x2  os_cfg_app.o [1]
  .text              ro code  0x00002d28    0x86  ABImemcpy.o [5]
  .rodata            const    0x00002dae     0x2  os_dbg.o [1]
  .text              ro code  0x00002db0    0x64  os_time.o [1]
  .text              ro code  0x00002e14    0x60  lib_mem.o [1]
  .text              ro code  0x00002e74    0xa8  bsp.o [1]
  .text              ro code  0x00002f1c    0x32  ABImemset48.o [5]
  .rodata            const    0x00002f4e     0x2  os_dbg.o [1]
  .text              ro code  0x00002f50   0x488  sysctl.o [1]
  .text              ro code  0x000033d8   0x256  bsp_int.o [1]
  .rodata            const    0x0000362e     0x2  os_dbg.o [1]
  .text              ro code  0x00003630   0x33c  bsp_display.o [1]
  .text              ro code  0x0000396c    0xc4  bsp_io.o [1]
  .text              ro code  0x00003a30   0x154  bsp_sensors.o [1]
  .text              ro code  0x00003b84   0x1fc  bsp_motor.o [1]
  .text              ro code  0x00003d80   0x148  cpu_c.o [1]
  .text              ro code  0x00003ec8    0xc6  i2c.o [1]
  .rodata            const    0x00003f8e     0x2  os_dbg.o [1]
  .text              ro code  0x00003f90   0x368  gpio.o [1]
  .text              ro code  0x000042f8    0xf2  pwm.o [1]
  .rodata            const    0x000043ea     0x2  os_dbg.o [1]
  .text              ro code  0x000043ec   0x50c  app.o [1]
  .text              ro code  0x000048f8    0x66  ethernet.o [1]
  .rodata            const    0x0000495e     0x2  os_dbg.o [1]
  .rodata            const    0x00004960   0x1dc  bsp_display.o [1]
  .rodata            const    0x00004b3c    0x5c  sysctl.o [1]
  .rodata            const    0x00004b98    0x50  bsp_display.o [1]
  .rodata            const    0x00004be8    0x48  gpio.o [1]
  .text              ro code  0x00004c30    0x40  zero_init3.o [5]
  .rodata            const    0x00004c70    0x34  os_dbg.o [1]
  .rodata            const    0x00004ca4    0x30  os_dbg.o [1]
  .rodata            const    0x00004cd4    0x2c  os_dbg.o [1]
  .text              ro code  0x00004d00    0x2c  copy_init3.o [5]
  .rodata            const    0x00004d2c    0x28  os_dbg.o [1]
  .rodata            const    0x00004d54    0x28  os_dbg.o [1]
  .text              ro code  0x00004d7c    0x28  data_init.o [5]
  .iar.init_table    const    0x00004da4    0x24  - Linker created -
  .rodata            const    0x00004dc8    0x20  os_dbg.o [1]
  .text              ro code  0x00004de8    0x1e  cmain.o [5]
  .text              ro code  0x00004e06     0x4  low_level_init.o [3]
  .text              ro code  0x00004e0a     0x4  exit.o [3]
  .rodata            const    0x00004e0e     0x2  os_dbg.o [1]
  .text              ro code  0x00004e10     0xa  cexit.o [5]
  .rodata            const    0x00004e1a     0x2  os_dbg.o [1]
  .text              ro code  0x00004e1c    0x14  exit.o [6]
  .rodata            const    0x00004e30    0x18  os_tmr.o [1]
  .rodata            const    0x00004e48    0x14  os_core.o [1]
  .rodata            const    0x00004e5c    0x14  os_tick.o [1]
  .rodata            const    0x00004e70    0x10  app.o [1]
  .rodata            const    0x00004e80    0x10  app.o [1]
  .rodata            const    0x00004e90    0x10  app.o [1]
  .rodata            const    0x00004ea0    0x10  app.o [1]
  .rodata            const    0x00004eb0     0xc  app.o [1]
  .rodata            const    0x00004ebc     0xc  app.o [1]
  .rodata            const    0x00004ec8     0xc  app.o [1]
  .rodata            const    0x00004ed4     0xc  app.o [1]
  .rodata            const    0x00004ee0     0xc  os_core.o [1]
  .rodata            const    0x00004eec     0xc  sysctl.o [1]
  .rodata            const    0x00004ef8     0xc  sysctl.o [1]
  .rodata            const    0x00004f04     0xc  sysctl.o [1]
  .text              ro code  0x00004f10     0xc  app_vect.o [1]
  .text              ro code  0x00004f1c     0xc  cstartup_M.o [5]
  .rodata            const    0x00004f28     0x8  bsp_display.o [1]
  .rodata            const    0x00004f30     0x8  bsp_display.o [1]
  .rodata            const    0x00004f38     0x8  os_core.o [1]
  .rodata            const    0x00004f40     0x8  os_task.o [1]
  Initializer bytes  const    0x00004f48     0x8  <for P7-1>
  .rodata            const    0x00004f50     0x4  heap.o [1]
  .rodata            const    0x00004f54     0x4  os_cfg_app.o [1]
  .rodata            const    0x00004f58     0x4  os_cfg_app.o [1]
  .rodata            const    0x00004f5c     0x4  os_cfg_app.o [1]
  .rodata            const    0x00004f60     0x4  os_cfg_app.o [1]
  .rodata            const    0x00004f64     0x4  os_cfg_app.o [1]
  .rodata            const    0x00004f68     0x4  os_cfg_app.o [1]
  .rodata            const    0x00004f6c     0x4  os_cfg_app.o [1]
  .rodata            const    0x00004f70     0x4  os_cfg_app.o [1]
  .rodata            const    0x00004f74     0x4  os_cfg_app.o [1]
  .rodata            const    0x00004f78     0x4  os_cfg_app.o [1]
  .rodata            const    0x00004f7c     0x4  os_cfg_app.o [1]
  .rodata            const    0x00004f80     0x4  os_cfg_app.o [1]
  .rodata            const    0x00004f84     0x4  os_cfg_app.o [1]
  .rodata            const    0x00004f88     0x4  os_cfg_app.o [1]
  .rodata            const    0x00004f8c     0x4  os_cfg_app.o [1]
  .rodata            const    0x00004f90     0x4  os_cfg_app.o [1]
  .rodata            const    0x00004f94     0x4  os_cfg_app.o [1]
  .rodata            const    0x00004f98     0x4  os_cfg_app.o [1]
  .rodata            const    0x00004f9c     0x4  os_cfg_app.o [1]
  .rodata            const    0x00004fa0     0x4  os_cfg_app.o [1]
  .rodata            const    0x00004fa4     0x4  os_cfg_app.o [1]
  .rodata            const    0x00004fa8     0x4  os_cfg_app.o [1]
  .rodata            const    0x00004fac     0x4  os_cfg_app.o [1]
  .rodata            const    0x00004fb0     0x4  os_dbg.o [1]
  .rodata            const    0x00004fb4     0x4  os_dbg.o [1]
  .rodata            const    0x00004fb8     0x4  os_dbg.o [1]
  .rodata            const    0x00004fbc     0x2  os_dbg.o [1]
  .rodata            const    0x00004fbe     0x2  os_dbg.o [1]
  .rodata            const    0x00004fc0     0x2  os_dbg.o [1]
  .rodata            const    0x00004fc2     0x2  os_dbg.o [1]
  .rodata            const    0x00004fc4     0x2  os_dbg.o [1]
  .rodata            const    0x00004fc6     0x2  os_dbg.o [1]
  .rodata            const    0x00004fc8     0x2  os_dbg.o [1]
  .rodata            const    0x00004fca     0x2  os_dbg.o [1]
  .rodata            const    0x00004fcc     0x2  os_dbg.o [1]
  .rodata            const    0x00004fce     0x2  os_dbg.o [1]
  .rodata            const    0x00004fd0     0x2  os_dbg.o [1]
  .rodata            const    0x00004fd2     0x2  os_dbg.o [1]
  .rodata            const    0x00004fd4     0x2  os_dbg.o [1]
  .rodata            const    0x00004fd6     0x1  os_cfg_app.o [1]
  .rodata            const    0x00004fd7     0x1  os_cfg_app.o [1]
  .rodata            const    0x00004fd8     0x1  os_dbg.o [1]
  .rodata            const    0x00004fd9     0x1  os_dbg.o [1]
  .rodata            const    0x00004fda     0x1  os_dbg.o [1]
  .rodata            const    0x00004fdb     0x1  os_dbg.o [1]
  .rodata            const    0x00004fdc     0x1  os_dbg.o [1]
  .rodata            const    0x00004fdd     0x1  os_dbg.o [1]
  .rodata            const    0x00004fde     0x1  os_dbg.o [1]
  .rodata            const    0x00004fdf     0x1  os_dbg.o [1]
  .rodata            const    0x00004fe0     0x1  os_dbg.o [1]
  .rodata            const    0x00004fe1     0x1  os_dbg.o [1]
  .rodata            const    0x00004fe2     0x1  os_dbg.o [1]
  .rodata            const    0x00004fe3     0x1  os_dbg.o [1]
  .rodata            const    0x00004fe4     0x1  os_dbg.o [1]
  .rodata            const    0x00004fe5     0x1  os_dbg.o [1]
  .rodata            const    0x00004fe6     0x1  os_dbg.o [1]
  .rodata            const    0x00004fe7     0x1  os_dbg.o [1]
  .rodata            const    0x00004fe8     0x1  os_dbg.o [1]
  .rodata            const    0x00004fe9     0x1  os_dbg.o [1]
  .rodata            const    0x00004fea     0x1  os_dbg.o [1]
  .rodata            const    0x00004feb     0x1  os_dbg.o [1]
  .rodata            const    0x00004fec     0x1  os_dbg.o [1]
  .rodata            const    0x00004fed     0x1  os_dbg.o [1]
  .rodata            const    0x00004fee     0x1  os_dbg.o [1]
  .rodata            const    0x00004fef     0x1  os_dbg.o [1]
  .rodata            const    0x00004ff0     0x1  os_dbg.o [1]
  .rodata            const    0x00004ff1     0x1  os_dbg.o [1]
  .rodata            const    0x00004ff2     0x1  os_dbg.o [1]
  .rodata            const    0x00004ff3     0x1  os_dbg.o [1]
  .rodata            const    0x00004ff4     0x1  os_dbg.o [1]
  .rodata            const    0x00004ff5     0x1  os_dbg.o [1]
  .rodata            const    0x00004ff6     0x1  os_dbg.o [1]
  .rodata            const    0x00004ff7     0x1  os_dbg.o [1]
  .rodata            const    0x00004ff8     0x1  os_dbg.o [1]
  .rodata            const    0x00004ff9     0x1  os_dbg.o [1]
  .rodata            const    0x00004ffa     0x1  os_dbg.o [1]
  .rodata            const    0x00004ffb     0x0  zero_init3.o [5]
  .rodata            const    0x00004ffb     0x0  copy_init3.o [5]
                            - 0x00004ffb  0x4edf

"P7", part 1 of 3:                           0x8
  P7-1                        0x20000000     0x8  <Init block>
    .data            inited   0x20000000     0x4  app.o [1]
    .data            inited   0x20000004     0x4  bsp_display.o [1]
                            - 0x20000008     0x8

"P7", part 2 of 3:                        0x332c
  .bss               zero     0x20000008   0xfa0  os_tick.o [1]
  .bss               zero     0x20000fa8   0x640  os_cfg_app.o [1]
  .bss               zero     0x200015e8   0x4b0  os_tick.o [1]
  .bss               zero     0x20001a98   0x200  app.o [1]
  .bss               zero     0x20001c98   0x200  app.o [1]
  .bss               zero     0x20001e98   0x200  app.o [1]
  .bss               zero     0x20002098   0x200  app.o [1]
  .bss               zero     0x20002298   0x200  os_cfg_app.o [1]
  .bss               zero     0x20002498   0x200  os_cfg_app.o [1]
  .bss               zero     0x20002698   0x200  os_cfg_app.o [1]
  .bss               zero     0x20002898   0x200  os_cfg_app.o [1]
  .bss               zero     0x20002a98   0x118  bsp_int.o [1]
  .bss               zero     0x20002bb0    0xf0  os_var.o [1]
  .bss               zero     0x20002ca0    0x9c  app.o [1]
  .bss               zero     0x20002d3c    0x9c  app.o [1]
  .bss               zero     0x20002dd8    0x9c  app.o [1]
  .bss               zero     0x20002e74    0x9c  app.o [1]
  .bss               zero     0x20002f10    0x9c  os_var.o [1]
  .bss               zero     0x20002fac    0x9c  os_var.o [1]
  .bss               zero     0x20003048    0x9c  os_var.o [1]
  .bss               zero     0x200030e4    0x68  os_cfg_app.o [1]
  .bss               zero     0x2000314c    0x68  os_cfg_app.o [1]
  .bss               zero     0x200031b4    0x30  app.o [1]
  .bss               zero     0x200031e4    0x2c  app.o [1]
  .bss               zero     0x20003210    0x2c  app.o [1]
  .bss               zero     0x2000323c    0x2c  app.o [1]
  .bss               zero     0x20003268    0x1c  os_task.o [1]
  .bss               zero     0x20003284    0x10  cpu_core.o [1]
  .bss               zero     0x20003294     0x8  os_core.o [1]
  .bss               zero     0x2000329c     0x8  os_var.o [1]
  .bss               zero     0x200032a4     0x4  bsp.o [1]
  .bss               zero     0x200032a8     0x4  bsp_display.o [1]
  .bss               zero     0x200032ac     0x4  cpu_core.o [1]
  .bss               zero     0x200032b0     0x4  cpu_core.o [1]
  .bss               zero     0x200032b4     0x4  cpu_core.o [1]
  .bss               zero     0x200032b8     0x4  cpu_core.o [1]
  .bss               zero     0x200032bc     0x4  cpu_core.o [1]
  .bss               zero     0x200032c0     0x4  cpu_core.o [1]
  .bss               zero     0x200032c4     0x4  os_cpu_c.o [1]
  .bss               zero     0x200032c8     0x4  os_prio.o [1]
  .bss               zero     0x200032cc     0x4  os_var.o [1]
  .bss               zero     0x200032d0     0x4  os_var.o [1]
  .bss               zero     0x200032d4     0x4  os_var.o [1]
  .bss               zero     0x200032d8     0x4  os_var.o [1]
  .bss               zero     0x200032dc     0x4  os_var.o [1]
  .bss               zero     0x200032e0     0x4  os_var.o [1]
  .bss               zero     0x200032e4     0x4  os_var.o [1]
  .bss               zero     0x200032e8     0x4  os_var.o [1]
  .bss               zero     0x200032ec     0x4  os_var.o [1]
  .bss               zero     0x200032f0     0x4  os_var.o [1]
  .bss               zero     0x200032f4     0x4  os_var.o [1]
  .bss               zero     0x200032f8     0x4  os_var.o [1]
  .bss               zero     0x200032fc     0x4  os_var.o [1]
  .bss               zero     0x20003300     0x4  os_var.o [1]
  .bss               zero     0x20003304     0x4  os_var.o [1]
  .bss               zero     0x20003308     0x4  os_var.o [1]
  .bss               zero     0x2000330c     0x4  os_var.o [1]
  .bss               zero     0x20003310     0x4  os_var.o [1]
  .bss               zero     0x20003314     0x4  os_var.o [1]
  .bss               zero     0x20003318     0x2  cpu_core.o [1]
  .bss               zero     0x2000331a     0x2  cpu_core.o [1]
  .bss               zero     0x2000331c     0x2  os_tick.o [1]
  .bss               zero     0x2000331e     0x2  os_tick.o [1]
  .bss               zero     0x20003320     0x2  os_var.o [1]
  .bss               zero     0x20003322     0x2  os_var.o [1]
  .bss               zero     0x20003324     0x2  os_var.o [1]
  .bss               zero     0x20003326     0x2  os_var.o [1]
  .bss               zero     0x20003328     0x1  app.o [1]
  .bss               zero     0x20003329     0x1  app.o [1]
  .bss               zero     0x2000332a     0x1  app.o [1]
  .bss               zero     0x2000332b     0x1  app.o [1]
  .bss               zero     0x2000332c     0x1  app.o [1]
  .bss               zero     0x2000332d     0x1  os_var.o [1]
  .bss               zero     0x2000332e     0x1  os_var.o [1]
  .bss               zero     0x2000332f     0x1  os_var.o [1]
  .bss               zero     0x20003330     0x1  os_var.o [1]
  .bss               zero     0x20003331     0x1  os_var.o [1]
  .bss               zero     0x20003332     0x1  os_var.o [1]
                            - 0x20003333  0x332b

"P7", part 3 of 3:                         0x400
  CSTACK                      0x20003338   0x400  <Block>
    CSTACK           uninit   0x20003338   0x400  <Block tail>
                            - 0x20003738   0x400


*******************************************************************************
*** INIT TABLE
***

          Address     Size
          -------     ----
Zero (__iar_zero_init3)
    1 destination range, total size 0x332b:
          0x20000008  0x332b

Copy (__iar_copy_init3)
    1 source range, total size 0x8:
          0x00004f48     0x8
    1 destination range, total size 0x8:
          0x20000000     0x8



*******************************************************************************
*** MODULE SUMMARY
***

    Module            ro code  ro data  rw data
    ------            -------  -------  -------
C:\Users\nickm\OneDrive\Documents\NTU\Year 3\Semester 2\CE4053 Embedded OS\Lab (Free Access)\Repository\ce4053\Micrium Phase 2\Software\EvalBoards\TI\LM3S9B92-EVALBOT\IAR\uCOS-III-CE4053_PG\Flash\Obj: [1]
    app.o               1 292      116    2 861
    app_vect.o             12      284
    avltree.o           1 368
    bsp.o                 168                 4
    bsp_display.o         828      576        8
    bsp_int.o             598               280
    bsp_io.o              196
    bsp_motor.o           508
    bsp_sensors.o         340
    cpu_a.o                42
    cpu_bsp.o              40
    cpu_c.o               328
    cpu_core.o            408                44
    ethernet.o            102
    gpio.o                872       72
    heap.o                236        4
    i2c.o                 198
    lib_mem.o              96
    os_cfg_app.o          172      100    3 856
    os_core.o           2 726       40        8
    os_cpu_a.o            132
    os_cpu_c.o            348                 4
    os_dbg.o              392      345
    os_flag.o              28
    os_msg.o              208
    os_mutex.o            976
    os_prio.o             148                 4
    os_q.o                180
    os_task.o           1 540        8       28
    os_tick.o           1 568       20    5 204
    os_time.o             100
    os_tmr.o              752       24
    os_var.o                                806
    pwm.o                 242
    sysctl.o            1 160      128
    -------------------------------------------
    Total:             18 304    1 717   13 107

command line: [2]
    -------------------------------------------
    Total:

dl7M_tlf.a: [3]
    exit.o                  4
    low_level_init.o        4
    -------------------------------------------
    Total:                  8

m7M_tl.a: [4]
    -------------------------------------------
    Total:

rt7M_tl.a: [5]
    ABImemclr4.o            6
    ABImemcpy.o           134
    ABImemset48.o          50
    cexit.o                10
    cmain.o                30
    copy_init3.o           44
    cstartup_M.o           12
    data_init.o            40
    zero_init3.o           64
    -------------------------------------------
    Total:                390

shb_l.a: [6]
    exit.o                 20
    -------------------------------------------
    Total:                 20

    Linker created                  36    1 024
-----------------------------------------------
    Grand Total:       18 722    1 753   14 131


*******************************************************************************
*** ENTRY LIST
***

Entry                      Address   Size  Type      Object
-----                      -------   ----  ----      ------
.iar.init_table$$Base   0x00004da4          --   Gb  - Linker created -
.iar.init_table$$Limit  0x00004dc8          --   Gb  - Linker created -
?main                   0x00004de9         Code  Gb  cmain.o [5]
AppRobotMotorDriveSensorEnable
                        0x00004791   0x1c  Code  Lc  app.o [1]
AppTaskOne              0x00004599   0x86  Code  Lc  app.o [1]
AppTaskOneStk           0x20001c98  0x200  Data  Lc  app.o [1]
AppTaskOneTCB           0x20002d3c   0x9c  Data  Lc  app.o [1]
AppTaskStart            0x00004445  0x152  Code  Lc  app.o [1]
AppTaskStartStk         0x20001a98  0x200  Data  Lc  app.o [1]
AppTaskStartTCB         0x20002ca0   0x9c  Data  Lc  app.o [1]
AppTaskThree            0x00004681   0x3e  Code  Lc  app.o [1]
AppTaskThreeStk         0x20002098  0x200  Data  Lc  app.o [1]
AppTaskThreeTCB         0x20002e74   0x9c  Data  Lc  app.o [1]
AppTaskTwo              0x00004621   0x60  Code  Lc  app.o [1]
AppTaskTwoStk           0x20001e98  0x200  Data  Lc  app.o [1]
AppTaskTwoTCB           0x20002dd8   0x9c  Data  Lc  app.o [1]
App_BusFault_ISR        0x00004f15    0x2  Code  Lc  app_vect.o [1]
App_Fault_ISR           0x00004f13    0x2  Code  Lc  app_vect.o [1]
App_MemFault_ISR        0x00004f19    0x2  Code  Lc  app_vect.o [1]
App_NMI_ISR             0x00004f11    0x2  Code  Lc  app_vect.o [1]
App_Spurious_ISR        0x00004f1b    0x2  Code  Lc  app_vect.o [1]
App_UsageFault_ISR      0x00004f17    0x2  Code  Lc  app_vect.o [1]
BSP_BumpSensorsInit     0x00003a31   0x18  Code  Gb  bsp_sensors.o [1]
BSP_CPUClkFreq          0x00002ed9   0x12  Code  Gb  bsp.o [1]
BSP_CPU_ClkFreq_MHz     0x200032a4    0x4  Data  Gb  bsp.o [1]
BSP_DisplayClear        0x0000370b   0x4c  Code  Gb  bsp_display.o [1]
BSP_DisplayInit         0x0000385f   0xd6  Code  Gb  bsp_display.o [1]
BSP_DisplayOn           0x00003823   0x3c  Code  Gb  bsp_display.o [1]
BSP_DisplayStringDraw   0x00003757   0xcc  Code  Gb  bsp_display.o [1]
BSP_DisplayWriteArray   0x0000368d   0x3e  Code  Lc  bsp_display.o [1]
BSP_DisplayWriteByte    0x00003659   0x34  Code  Lc  bsp_display.o [1]
BSP_DisplayWriteFinal   0x000036cb   0x40  Code  Lc  bsp_display.o [1]
BSP_DisplayWriteFirst   0x00003631   0x28  Code  Lc  bsp_display.o [1]
BSP_Init                0x00002e75   0x64  Code  Gb  bsp.o [1]
BSP_IntDisAll           0x000033d9    0x8  Code  Gb  bsp_int.o [1]
BSP_IntEn               0x000033e1   0x10  Code  Gb  bsp_int.o [1]
BSP_IntHandler          0x00003607   0x20  Code  Lc  bsp_int.o [1]
BSP_IntHandlerADC0      0x0000348b    0xa  Code  Gb  bsp_int.o [1]
BSP_IntHandlerADC1      0x00003495    0xa  Code  Gb  bsp_int.o [1]
BSP_IntHandlerADC1_0    0x000035c1    0xa  Code  Gb  bsp_int.o [1]
BSP_IntHandlerADC1_1    0x000035cb    0xa  Code  Gb  bsp_int.o [1]
BSP_IntHandlerADC1_2    0x000035d5    0xa  Code  Gb  bsp_int.o [1]
BSP_IntHandlerADC1_3    0x000035df    0xa  Code  Gb  bsp_int.o [1]
BSP_IntHandlerADC2      0x0000349f    0xa  Code  Gb  bsp_int.o [1]
BSP_IntHandlerADC3      0x000034a9    0xa  Code  Gb  bsp_int.o [1]
BSP_IntHandlerCAN0      0x0000357b    0xa  Code  Gb  bsp_int.o [1]
BSP_IntHandlerCAN1      0x00003585    0xa  Code  Gb  bsp_int.o [1]
BSP_IntHandlerCOMP0     0x000034f9    0xa  Code  Gb  bsp_int.o [1]
BSP_IntHandlerCOMP1     0x00003503    0xa  Code  Gb  bsp_int.o [1]
BSP_IntHandlerCOMP2     0x0000350d    0xa  Code  Gb  bsp_int.o [1]
BSP_IntHandlerDummy     0x0000362d    0x2  Code  Lc  bsp_int.o [1]
BSP_IntHandlerEPI       0x000035f3    0xa  Code  Gb  bsp_int.o [1]
BSP_IntHandlerETH       0x0000358f    0xa  Code  Gb  bsp_int.o [1]
BSP_IntHandlerFLASH     0x00003521    0xa  Code  Gb  bsp_int.o [1]
BSP_IntHandlerGPIOA     0x00003431    0xa  Code  Gb  bsp_int.o [1]
BSP_IntHandlerGPIOB     0x0000343b    0xa  Code  Gb  bsp_int.o [1]
BSP_IntHandlerGPIOC     0x00003445    0xa  Code  Gb  bsp_int.o [1]
BSP_IntHandlerGPIOD     0x0000344f    0xa  Code  Gb  bsp_int.o [1]
BSP_IntHandlerGPIOE     0x00003459    0xa  Code  Gb  bsp_int.o [1]
BSP_IntHandlerGPIOF     0x0000352b    0xa  Code  Gb  bsp_int.o [1]
BSP_IntHandlerGPIOG     0x00003535    0xa  Code  Gb  bsp_int.o [1]
BSP_IntHandlerGPIOH     0x0000353f    0xa  Code  Gb  bsp_int.o [1]
BSP_IntHandlerGPIOJ     0x000035fd    0xa  Code  Gb  bsp_int.o [1]
BSP_IntHandlerHIBERNATE
                        0x00003599    0xa  Code  Gb  bsp_int.o [1]
BSP_IntHandlerI2C0      0x00003481    0xa  Code  Gb  bsp_int.o [1]
BSP_IntHandlerI2C1      0x00003571    0xa  Code  Gb  bsp_int.o [1]
BSP_IntHandlerI2S0      0x000035e9    0xa  Code  Gb  bsp_int.o [1]
BSP_IntHandlerSSI0      0x00003477    0xa  Code  Gb  bsp_int.o [1]
BSP_IntHandlerSSI1      0x00003553    0xa  Code  Gb  bsp_int.o [1]
BSP_IntHandlerSYSCTL    0x00003517    0xa  Code  Gb  bsp_int.o [1]
BSP_IntHandlerTIMER0A   0x000034bd    0xa  Code  Gb  bsp_int.o [1]
BSP_IntHandlerTIMER0B   0x000034c7    0xa  Code  Gb  bsp_int.o [1]
BSP_IntHandlerTIMER1A   0x000034d1    0xa  Code  Gb  bsp_int.o [1]
BSP_IntHandlerTIMER1B   0x000034db    0xa  Code  Gb  bsp_int.o [1]
BSP_IntHandlerTIMER2A   0x000034e5    0xa  Code  Gb  bsp_int.o [1]
BSP_IntHandlerTIMER2B   0x000034ef    0xa  Code  Gb  bsp_int.o [1]
BSP_IntHandlerTIMER3A   0x0000355d    0xa  Code  Gb  bsp_int.o [1]
BSP_IntHandlerTIMER3B   0x00003567    0xa  Code  Gb  bsp_int.o [1]
BSP_IntHandlerUART0     0x00003463    0xa  Code  Gb  bsp_int.o [1]
BSP_IntHandlerUART1     0x0000346d    0xa  Code  Gb  bsp_int.o [1]
BSP_IntHandlerUART2     0x00003549    0xa  Code  Gb  bsp_int.o [1]
BSP_IntHandlerUDMA_ERR  0x000035b7    0xa  Code  Gb  bsp_int.o [1]
BSP_IntHandlerUDMA_SW   0x000035ad    0xa  Code  Gb  bsp_int.o [1]
BSP_IntHandlerUSB       0x000035a3    0xa  Code  Gb  bsp_int.o [1]
BSP_IntHandlerWATCHDOG  0x000034b3    0xa  Code  Gb  bsp_int.o [1]
BSP_IntInit             0x00003419   0x18  Code  Gb  bsp_int.o [1]
BSP_IntVectSet          0x000033f1   0x28  Code  Gb  bsp_int.o [1]
BSP_IntVectTbl          0x20002a98  0x118  Data  Lc  bsp_int.o [1]
BSP_LED_Off             0x00003997   0x36  Code  Gb  bsp_io.o [1]
BSP_LED_Toggle          0x000039cd   0x5a  Code  Gb  bsp_io.o [1]
BSP_LEDsInit            0x00003985   0x12  Code  Gb  bsp_io.o [1]
BSP_MotorDir            0x00003c61   0x44  Code  Gb  bsp_motor.o [1]
BSP_MotorRun            0x00003ca5   0x1c  Code  Gb  bsp_motor.o [1]
BSP_MotorSpeed          0x00003cf1   0x7a  Code  Gb  bsp_motor.o [1]
BSP_MotorStop           0x00003cc1   0x30  Code  Gb  bsp_motor.o [1]
BSP_MotorsInit          0x00003b85   0xdc  Code  Gb  bsp_motor.o [1]
BSP_PushButtonsInit     0x0000396d   0x18  Code  Gb  bsp_io.o [1]
BSP_WheelSensorEnable   0x00003aeb    0xe  Code  Gb  bsp_sensors.o [1]
BSP_WheelSensorIntEnable
                        0x00003af9   0x7e  Code  Gb  bsp_sensors.o [1]
BSP_WheelSensorsInit    0x00003a49   0xa2  Code  Gb  bsp_sensors.o [1]
CPU_CntLeadZeros        0x00002ac7         Code  Gb  cpu_a.o [1]
CPU_Init                0x00002add   0x10  Code  Gb  cpu_core.o [1]
CPU_IntDis              0x00002ab1         Code  Gb  cpu_a.o [1]
CPU_IntDisMeasCtr       0x20003318    0x2  Data  Gb  cpu_core.o [1]
CPU_IntDisMeasInit      0x00002bc7   0x76  Code  Lc  cpu_core.o [1]
CPU_IntDisMeasMaxCalc   0x00002c3d   0x14  Code  Lc  cpu_core.o [1]
CPU_IntDisMeasMaxCurGet
                        0x00002b31   0x18  Code  Gb  cpu_core.o [1]
CPU_IntDisMeasMaxCurReset
                        0x00002b15   0x1c  Code  Gb  cpu_core.o [1]
CPU_IntDisMeasMaxCur_cnts
                        0x200032bc    0x4  Data  Gb  cpu_core.o [1]
CPU_IntDisMeasMax_cnts  0x200032c0    0x4  Data  Gb  cpu_core.o [1]
CPU_IntDisMeasOvrhd_cnts
                        0x200032b8    0x4  Data  Gb  cpu_core.o [1]
CPU_IntDisMeasStart     0x00002b49   0x28  Code  Gb  cpu_core.o [1]
CPU_IntDisMeasStart_cnts
                        0x200032b0    0x4  Data  Gb  cpu_core.o [1]
CPU_IntDisMeasStop      0x00002b71   0x40  Code  Gb  cpu_core.o [1]
CPU_IntDisMeasStop_cnts
                        0x200032b4    0x4  Data  Gb  cpu_core.o [1]
CPU_IntDisNestCtr       0x2000331a    0x2  Data  Gb  cpu_core.o [1]
CPU_IntEn               0x00002ab5         Code  Gb  cpu_a.o [1]
CPU_IntSrcEn            0x00003d81  0x136  Code  Gb  cpu_c.o [1]
CPU_Name                0x20003284   0x10  Data  Gb  cpu_core.o [1]
CPU_NameClr             0x00002aed   0x22  Code  Gb  cpu_core.o [1]
CPU_NameInit            0x00002bb1    0x8  Code  Lc  cpu_core.o [1]
CPU_RevBits             0x00002acd         Code  Gb  cpu_a.o [1]
CPU_SR_Restore          0x00002ac1         Code  Gb  cpu_a.o [1]
CPU_SR_Save             0x00002ab9         Code  Gb  cpu_a.o [1]
CPU_TS_Init             0x00002bb9    0xe  Code  Lc  cpu_core.o [1]
CPU_TS_TmrFreqSet       0x00002b0f    0x6  Code  Gb  cpu_core.o [1]
CPU_TS_TmrFreq_Hz       0x200032ac    0x4  Data  Gb  cpu_core.o [1]
CPU_TS_TmrInit          0x00002cf9   0x18  Code  Gb  cpu_bsp.o [1]
CPU_TS_TmrRd            0x00002d11    0x6  Code  Gb  cpu_bsp.o [1]
CPU_WaitForExcept       0x00002ad7         Code  Gb  cpu_a.o [1]
CPU_WaitForInt          0x00002ad3         Code  Gb  cpu_a.o [1]
CSTACK$$Base            0x20003338          --   Gb  - Linker created -
CSTACK$$Limit           0x20003738          --   Gb  - Linker created -
DummyQ                  0x200031b4   0x30  Data  Gb  app.o [1]
EthernetPHYRead         0x0000492f   0x30  Code  Gb  ethernet.o [1]
EthernetPHYWrite        0x000048f9   0x36  Code  Gb  ethernet.o [1]
GPIODirModeSet          0x00003f91   0x52  Code  Gb  gpio.o [1]
GPIOIntTypeSet          0x00003fe3   0x78  Code  Gb  gpio.o [1]
GPIOPadConfigSet        0x0000405b  0x15c  Code  Gb  gpio.o [1]
GPIOPinConfigure        0x000042a9   0x46  Code  Gb  gpio.o [1]
GPIOPinIntClear         0x000041f7    0xc  Code  Gb  gpio.o [1]
GPIOPinIntDisable       0x000041cb   0x14  Code  Gb  gpio.o [1]
GPIOPinIntEnable        0x000041b7   0x14  Code  Gb  gpio.o [1]
GPIOPinIntStatus        0x000041df   0x18  Code  Gb  gpio.o [1]
GPIOPinRead             0x00004203    0xa  Code  Gb  gpio.o [1]
GPIOPinTypeGPIOInput    0x00004221   0x22  Code  Gb  gpio.o [1]
GPIOPinTypeGPIOOutput   0x00004243   0x22  Code  Gb  gpio.o [1]
GPIOPinTypeI2C          0x00004265   0x22  Code  Gb  gpio.o [1]
GPIOPinTypePWM          0x00004287   0x22  Code  Gb  gpio.o [1]
GPIOPinWrite            0x0000420d   0x14  Code  Gb  gpio.o [1]
I2CMasterControl        0x00003f5d    0x6  Code  Gb  i2c.o [1]
I2CMasterDataPut        0x00003f83    0xc  Code  Gb  i2c.o [1]
I2CMasterEnable         0x00003f01   0x12  Code  Gb  i2c.o [1]
I2CMasterErr            0x00003f63   0x20  Code  Gb  i2c.o [1]
I2CMasterInitExpClk     0x00003ec9   0x38  Code  Gb  i2c.o [1]
I2CMasterIntStatus      0x00003f13   0x2c  Code  Gb  i2c.o [1]
I2CMasterSlaveAddrSet   0x00003f49   0x14  Code  Gb  i2c.o [1]
IntWheelSensor          0x000046bf   0xd2  Code  Gb  app.o [1]
IntWheelSensor::CountL  0x2000332a    0x1  Data  Lc  app.o [1]
IntWheelSensor::CountR  0x2000332b    0x1  Data  Lc  app.o [1]
IntWheelSensor::data    0x2000332c    0x1  Data  Lc  app.o [1]
Left_tgt                0x20003328    0x1  Data  Gb  app.o [1]
Mem_Clr                 0x00002e15    0xc  Code  Gb  lib_mem.o [1]
Mem_Set                 0x00002e21   0x54  Code  Gb  lib_mem.o [1]
MutexOne                0x200031e4   0x2c  Data  Gb  app.o [1]
MutexThree              0x2000323c   0x2c  Data  Gb  app.o [1]
MutexTwo                0x20003210   0x2c  Data  Gb  app.o [1]
OSCfg_DataSizeRAM       0x00004fac    0x4  Data  Gb  os_cfg_app.o [1]
OSCfg_ISRStk            0x20002498  0x200  Data  Gb  os_cfg_app.o [1]
OSCfg_ISRStkBasePtr     0x00004f64    0x4  Data  Gb  os_cfg_app.o [1]
OSCfg_ISRStkSize        0x00004f68    0x4  Data  Gb  os_cfg_app.o [1]
OSCfg_ISRStkSizeRAM     0x00004f6c    0x4  Data  Gb  os_cfg_app.o [1]
OSCfg_IdleTaskStk       0x20002298  0x200  Data  Gb  os_cfg_app.o [1]
OSCfg_IdleTaskStkBasePtr
                        0x00004f54    0x4  Data  Gb  os_cfg_app.o [1]
OSCfg_IdleTaskStkLimit  0x00004f58    0x4  Data  Gb  os_cfg_app.o [1]
OSCfg_IdleTaskStkSize   0x00004f5c    0x4  Data  Gb  os_cfg_app.o [1]
OSCfg_IdleTaskStkSizeRAM
                        0x00004f60    0x4  Data  Gb  os_cfg_app.o [1]
OSCfg_Init              0x00002a05   0xac  Code  Gb  os_cfg_app.o [1]
OSCfg_MsgPool           0x20000fa8  0x640  Data  Gb  os_cfg_app.o [1]
OSCfg_MsgPoolBasePtr    0x00004f74    0x4  Data  Gb  os_cfg_app.o [1]
OSCfg_MsgPoolSize       0x00000bc2    0x2  Data  Gb  os_cfg_app.o [1]
OSCfg_MsgPoolSizeRAM    0x00004f70    0x4  Data  Gb  os_cfg_app.o [1]
OSCfg_StkSizeMin        0x00004f78    0x4  Data  Gb  os_cfg_app.o [1]
OSCfg_TickRate_Hz       0x00004f7c    0x4  Data  Gb  os_cfg_app.o [1]
OSCfg_TickTaskPrio      0x00004fd6    0x1  Data  Gb  os_cfg_app.o [1]
OSCfg_TickTaskStk       0x20002698  0x200  Data  Gb  os_cfg_app.o [1]
OSCfg_TickTaskStkBasePtr
                        0x00004f80    0x4  Data  Gb  os_cfg_app.o [1]
OSCfg_TickTaskStkLimit  0x00004f84    0x4  Data  Gb  os_cfg_app.o [1]
OSCfg_TickTaskStkSize   0x00004f88    0x4  Data  Gb  os_cfg_app.o [1]
OSCfg_TickTaskStkSizeRAM
                        0x00004f8c    0x4  Data  Gb  os_cfg_app.o [1]
OSCfg_TickWheel         0x200030e4   0x68  Data  Gb  os_cfg_app.o [1]
OSCfg_TickWheelSize     0x00002ada    0x2  Data  Gb  os_cfg_app.o [1]
OSCfg_TickWheelSizeRAM  0x00004f90    0x4  Data  Gb  os_cfg_app.o [1]
OSCfg_TmrTaskPrio       0x00004fd7    0x1  Data  Gb  os_cfg_app.o [1]
OSCfg_TmrTaskRate_Hz    0x00004f94    0x4  Data  Gb  os_cfg_app.o [1]
OSCfg_TmrTaskStk        0x20002898  0x200  Data  Gb  os_cfg_app.o [1]
OSCfg_TmrTaskStkBasePtr
                        0x00004f98    0x4  Data  Gb  os_cfg_app.o [1]
OSCfg_TmrTaskStkLimit   0x00004f9c    0x4  Data  Gb  os_cfg_app.o [1]
OSCfg_TmrTaskStkSize    0x00004fa0    0x4  Data  Gb  os_cfg_app.o [1]
OSCfg_TmrTaskStkSizeRAM
                        0x00004fa4    0x4  Data  Gb  os_cfg_app.o [1]
OSCfg_TmrWheel          0x2000314c   0x68  Data  Gb  os_cfg_app.o [1]
OSCfg_TmrWheelSize      0x00002d26    0x2  Data  Gb  os_cfg_app.o [1]
OSCfg_TmrWheelSizeRAM   0x00004fa8    0x4  Data  Gb  os_cfg_app.o [1]
OSDbg_AppHooksEn        0x00004fd9    0x1  Data  Gb  os_dbg.o [1]
OSDbg_ArgChkEn          0x00004fd8    0x1  Data  Gb  os_dbg.o [1]
OSDbg_CalledFromISRChkEn
                        0x00004fda    0x1  Data  Gb  os_dbg.o [1]
OSDbg_DataSize          0x00004fb8    0x4  Data  Gb  os_dbg.o [1]
OSDbg_DbgEn             0x00002dae    0x2  Data  Gb  os_dbg.o [1]
OSDbg_EndiannessTest    0x00004fb0    0x4  Data  Gb  os_dbg.o [1]
OSDbg_FlagDelEn         0x00004fdc    0x1  Data  Gb  os_dbg.o [1]
OSDbg_FlagEn            0x00004fdb    0x1  Data  Gb  os_dbg.o [1]
OSDbg_FlagGrp           0x00004d2c   0x28  Data  Gb  os_dbg.o [1]
OSDbg_FlagGrpSize       0x00002f4e    0x2  Data  Gb  os_dbg.o [1]
OSDbg_FlagModeClrEn     0x00004fdd    0x1  Data  Gb  os_dbg.o [1]
OSDbg_FlagPendAbortEn   0x00004fde    0x1  Data  Gb  os_dbg.o [1]
OSDbg_FlagWidth         0x0000362e    0x2  Data  Gb  os_dbg.o [1]
OSDbg_ISRPostDeferredEn
                        0x00004fdf    0x1  Data  Gb  os_dbg.o [1]
OSDbg_Mem               0x00004dc8   0x20  Data  Gb  os_dbg.o [1]
OSDbg_MemEn             0x00004fe0    0x1  Data  Gb  os_dbg.o [1]
OSDbg_MsgEn             0x00004fe1    0x1  Data  Gb  os_dbg.o [1]
OSDbg_MsgPoolSize       0x000043ea    0x2  Data  Gb  os_dbg.o [1]
OSDbg_MsgQSize          0x0000495e    0x2  Data  Gb  os_dbg.o [1]
OSDbg_MsgSize           0x00003f8e    0x2  Data  Gb  os_dbg.o [1]
OSDbg_Mutex             0x00004cd4   0x2c  Data  Gb  os_dbg.o [1]
OSDbg_MutexDelEn        0x00004fe3    0x1  Data  Gb  os_dbg.o [1]
OSDbg_MutexEn           0x00004fe2    0x1  Data  Gb  os_dbg.o [1]
OSDbg_MutexPendAbortEn  0x00004fe4    0x1  Data  Gb  os_dbg.o [1]
OSDbg_MutexSize         0x00004e0e    0x2  Data  Gb  os_dbg.o [1]
OSDbg_ObjTypeChkEn      0x00004fe5    0x1  Data  Gb  os_dbg.o [1]
OSDbg_PendDataSize      0x00004e1a    0x2  Data  Gb  os_dbg.o [1]
OSDbg_PendListSize      0x00004fbc    0x2  Data  Gb  os_dbg.o [1]
OSDbg_PendMultiEn       0x00004fe6    0x1  Data  Gb  os_dbg.o [1]
OSDbg_PendObjSize       0x00004fbe    0x2  Data  Gb  os_dbg.o [1]
OSDbg_PrioMax           0x00004fc0    0x2  Data  Gb  os_dbg.o [1]
OSDbg_PrioTblSize       0x00004fc2    0x2  Data  Gb  os_dbg.o [1]
OSDbg_PtrSize           0x00004fc4    0x2  Data  Gb  os_dbg.o [1]
OSDbg_Q                 0x00004ca4   0x30  Data  Gb  os_dbg.o [1]
OSDbg_QDelEn            0x00004fe8    0x1  Data  Gb  os_dbg.o [1]
OSDbg_QEn               0x00004fe7    0x1  Data  Gb  os_dbg.o [1]
OSDbg_QFlushEn          0x00004fe9    0x1  Data  Gb  os_dbg.o [1]
OSDbg_QPendAbortEn      0x00004fea    0x1  Data  Gb  os_dbg.o [1]
OSDbg_QSize             0x00004fc6    0x2  Data  Gb  os_dbg.o [1]
OSDbg_RdyList           0x00004fc8    0x2  Data  Gb  os_dbg.o [1]
OSDbg_RdyListSize       0x00004fb4    0x4  Data  Gb  os_dbg.o [1]
OSDbg_SchedRoundRobinEn
                        0x00004feb    0x1  Data  Gb  os_dbg.o [1]
OSDbg_Sem               0x00004d54   0x28  Data  Gb  os_dbg.o [1]
OSDbg_SemEn             0x00004fec    0x1  Data  Gb  os_dbg.o [1]
OSDbg_StatTaskEn        0x00004fee    0x1  Data  Gb  os_dbg.o [1]
OSDbg_StatTaskStkChkEn  0x00004fef    0x1  Data  Gb  os_dbg.o [1]
OSDbg_StkWidth          0x00004fed    0x1  Data  Gb  os_dbg.o [1]
OSDbg_TCBSize           0x00004fcc    0x2  Data  Gb  os_dbg.o [1]
OSDbg_TaskChangePrioEn  0x00004ff0    0x1  Data  Gb  os_dbg.o [1]
OSDbg_TaskDelEn         0x00004ff1    0x1  Data  Gb  os_dbg.o [1]
OSDbg_TaskProfileEn     0x00004ff4    0x1  Data  Gb  os_dbg.o [1]
OSDbg_TaskQEn           0x00004ff2    0x1  Data  Gb  os_dbg.o [1]
OSDbg_TaskQPendAbortEn  0x00004ff3    0x1  Data  Gb  os_dbg.o [1]
OSDbg_TaskRegTblSize    0x00004fca    0x2  Data  Gb  os_dbg.o [1]
OSDbg_TaskSemPendAbortEn
                        0x00004ff5    0x1  Data  Gb  os_dbg.o [1]
OSDbg_TaskSuspendEn     0x00004ff6    0x1  Data  Gb  os_dbg.o [1]
OSDbg_TickSpokeSize     0x00004fce    0x2  Data  Gb  os_dbg.o [1]
OSDbg_TimeDlyHMSMEn     0x00004ff7    0x1  Data  Gb  os_dbg.o [1]
OSDbg_TimeDlyResumeEn   0x00004ff8    0x1  Data  Gb  os_dbg.o [1]
OSDbg_Tmr               0x00004c70   0x34  Data  Gb  os_dbg.o [1]
OSDbg_TmrDelEn          0x00004ffa    0x1  Data  Gb  os_dbg.o [1]
OSDbg_TmrEn             0x00004ff9    0x1  Data  Gb  os_dbg.o [1]
OSDbg_TmrSize           0x00004fd0    0x2  Data  Gb  os_dbg.o [1]
OSDbg_TmrSpokeSize      0x00004fd2    0x2  Data  Gb  os_dbg.o [1]
OSDbg_VersionNbr        0x00004fd4    0x2  Data  Gb  os_dbg.o [1]
OSFlagDbgListPtr        0x200032d0    0x4  Data  Gb  os_var.o [1]
OSFlagQty               0x20003320    0x2  Data  Gb  os_var.o [1]
OSIdleTaskCtr           0x200032cc    0x4  Data  Gb  os_var.o [1]
OSIdleTaskHook          0x00000cb1    0x2  Code  Gb  os_cpu_c.o [1]
OSIdleTaskTCB           0x20002f10   0x9c  Data  Gb  os_var.o [1]
OSInit                  0x0000011d  0x100  Code  Gb  os_core.o [1]
OSInitHook              0x00000cb3   0x14  Code  Gb  os_cpu_c.o [1]
OSIntEnter              0x0000021d   0x24  Code  Gb  os_core.o [1]
OSIntExit               0x00000241   0xb0  Code  Gb  os_core.o [1]
OSIntNestingCtr         0x2000332d    0x1  Data  Gb  os_var.o [1]
OSMsgPool               0x2000329c    0x8  Data  Gb  os_var.o [1]
OSMutexCreate           0x00002109   0x6e  Code  Gb  os_mutex.o [1]
OSMutexDbgListPtr       0x200032d4    0x4  Data  Gb  os_var.o [1]
OSMutexPend             0x00002177  0x1f4  Code  Gb  os_mutex.o [1]
OSMutexPost             0x0000236b  0x114  Code  Gb  os_mutex.o [1]
OSMutexQty              0x20003322    0x2  Data  Gb  os_var.o [1]
OSPrioCur               0x2000332f    0x1  Data  Gb  os_var.o [1]
OSPrioHighRdy           0x20003330    0x1  Data  Gb  os_var.o [1]
OSPrioTbl               0x200032c8    0x4  Data  Gb  os_prio.o [1]
OSQCreate               0x000024d9   0x64  Code  Gb  os_q.o [1]
OSQDbgListPtr           0x200032d8    0x4  Data  Gb  os_var.o [1]
OSQQty                  0x20003324    0x2  Data  Gb  os_var.o [1]
OSRdyList               0x20002bb0   0xf0  Data  Gb  os_var.o [1]
OSRunning               0x2000332e    0x1  Data  Gb  os_var.o [1]
OSSched                 0x000002f1   0xb4  Code  Gb  os_core.o [1]
OSSchedLock             0x000003a5   0x68  Code  Gb  os_core.o [1]
OSSchedLockNestingCtr   0x20003331    0x1  Data  Gb  os_var.o [1]
OSSchedLockTimeBegin    0x200032dc    0x4  Data  Gb  os_var.o [1]
OSSchedLockTimeMax      0x200032e0    0x4  Data  Gb  os_var.o [1]
OSSchedLockTimeMaxCur   0x200032e4    0x4  Data  Gb  os_var.o [1]
OSSchedRoundRobinDfltTimeQuanta
                        0x200032e8    0x4  Data  Gb  os_var.o [1]
OSSchedRoundRobinEn     0x20003332    0x1  Data  Gb  os_var.o [1]
OSSchedUnlock           0x0000040d   0x88  Code  Gb  os_core.o [1]
OSStart                 0x00000495   0x62  Code  Gb  os_core.o [1]
OSStartHighRdy          0x00002c75         Code  Gb  os_cpu_a.o [1]
OSTCBCurPtr             0x20003310    0x4  Data  Gb  os_var.o [1]
OSTCBHighRdyPtr         0x20003314    0x4  Data  Gb  os_var.o [1]
OSTaskCreate            0x000013f9  0x132  Code  Gb  os_task.o [1]
OSTaskCreateHook        0x00000cc7    0x2  Code  Gb  os_cpu_c.o [1]
OSTaskCtxSwCtr          0x200032ec    0x4  Data  Gb  os_var.o [1]
OSTaskDbgListPtr        0x200032f0    0x4  Data  Gb  os_var.o [1]
OSTaskDel               0x0000152b  0x102  Code  Gb  os_task.o [1]
OSTaskDelHook           0x00000cc9    0x2  Code  Gb  os_cpu_c.o [1]
OSTaskQty               0x20003326    0x2  Data  Gb  os_var.o [1]
OSTaskReturnHook        0x00000ccb    0x2  Code  Gb  os_cpu_c.o [1]
OSTaskSemPend           0x0000162d  0x142  Code  Gb  os_task.o [1]
OSTaskSemPost           0x0000176f   0x1c  Code  Gb  os_task.o [1]
OSTaskStkInit           0x00000ccd   0x7e  Code  Gb  os_cpu_c.o [1]
OSTaskSwHook            0x00000d4b   0x3e  Code  Gb  os_cpu_c.o [1]
OSTickCtr               0x200032f4    0x4  Data  Gb  os_var.o [1]
OSTickTaskTCB           0x20002fac   0x9c  Data  Gb  os_var.o [1]
OSTickTaskTimeMax       0x200032f8    0x4  Data  Gb  os_var.o [1]
OSTimeTick              0x00002db1   0x48  Code  Gb  os_time.o [1]
OSTimeTickHook          0x00000d89    0x2  Code  Gb  os_cpu_c.o [1]
OSTmrDbgListPtr         0x200032fc    0x4  Data  Gb  os_var.o [1]
OSTmrTaskTCB            0x20003048   0x9c  Data  Gb  os_var.o [1]
OSTmrTaskTimeMax        0x20003300    0x4  Data  Gb  os_var.o [1]
OSTmrTickCtr            0x20003304    0x4  Data  Gb  os_var.o [1]
OSTmrUpdateCnt          0x20003308    0x4  Data  Gb  os_var.o [1]
OSTmrUpdateCtr          0x2000330c    0x4  Data  Gb  os_var.o [1]
OS_AVL_TREE             0x20003294    0x8  Data  Gb  os_core.o [1]
OS_CPU_ExceptStkBase    0x200032c4    0x4  Data  Gb  os_cpu_c.o [1]
OS_CPU_PendSVHandler    0x00002c93         Code  Gb  os_cpu_a.o [1]
OS_CPU_SysTickHandler   0x00000d8b   0x2c  Code  Gb  os_cpu_c.o [1]
OS_CPU_SysTickInit      0x00000db7   0x2c  Code  Gb  os_cpu_c.o [1]
OS_Dbg_Init             0x0000287d  0x188  Code  Gb  os_dbg.o [1]
OS_FlagInit             0x0000201d   0x12  Code  Gb  os_flag.o [1]
OS_IdleTask             0x000004f7   0x2c  Code  Gb  os_core.o [1]
OS_IdleTaskInit         0x00000523   0x54  Code  Gb  os_core.o [1]
OS_MsgPoolCreate        0x00002039   0x40  Code  Gb  os_msg.o [1]
OS_MsgPoolInit          0x00002079   0x2c  Code  Gb  os_msg.o [1]
OS_MsgQFreeAll          0x000020a5   0x44  Code  Gb  os_msg.o [1]
OS_MsgQInit             0x000020e9   0x14  Code  Gb  os_msg.o [1]
OS_MutexDbgListAdd      0x0000247f   0x28  Code  Gb  os_mutex.o [1]
OS_MutexInit            0x000024a7   0x12  Code  Gb  os_mutex.o [1]
OS_Pend                 0x00000577   0x6e  Code  Gb  os_core.o [1]
OS_PendDataInit         0x000005e5   0x3a  Code  Gb  os_core.o [1]
OS_PendDbgNameAdd       0x0000061f   0x42  Code  Gb  os_core.o [1]
OS_PendDbgNameRemove    0x00000661   0x1e  Code  Gb  os_core.o [1]
OS_PendListChangePrio   0x00000685   0x38  Code  Gb  os_core.o [1]
OS_PendListInit         0x000006bd    0xe  Code  Gb  os_core.o [1]
OS_PendListInsertPrio   0x000006cb   0x72  Code  Gb  os_core.o [1]
OS_PendListRemove       0x0000073d   0x2e  Code  Gb  os_core.o [1]
OS_PendListRemove1      0x0000076b   0x48  Code  Gb  os_core.o [1]
OS_Post                 0x000007b3   0xc0  Code  Gb  os_core.o [1]
OS_Post1                0x00000873   0x2a  Code  Gb  os_core.o [1]
OS_PrioGetHighest       0x00000e21   0x20  Code  Gb  os_prio.o [1]
OS_PrioInit             0x00000e0d   0x14  Code  Gb  os_prio.o [1]
OS_PrioInsert           0x00000e41   0x2c  Code  Gb  os_prio.o [1]
OS_PrioRemove           0x00000e6d   0x2e  Code  Gb  os_prio.o [1]
OS_QDbgListAdd          0x0000253d   0x28  Code  Gb  os_q.o [1]
OS_QInit                0x00002565   0x12  Code  Gb  os_q.o [1]
OS_REC_HEAP             0x20003268   0x1c  Data  Gb  os_task.o [1]
OS_RdyListInit          0x0000089d   0x2a  Code  Gb  os_core.o [1]
OS_RdyListInsert        0x000008c7   0x28  Code  Gb  os_core.o [1]
OS_RdyListInsertHead    0x000008ef   0x3a  Code  Gb  os_core.o [1]
OS_RdyListInsertTail    0x00000929   0x38  Code  Gb  os_core.o [1]
OS_RdyListMoveHeadToTail
                        0x0000098d   0x40  Code  Gb  os_core.o [1]
OS_RdyListRemove        0x000009cd   0x5c  Code  Gb  os_core.o [1]
OS_SchedLockTimeMeasStart
                        0x00000a29   0x14  Code  Gb  os_core.o [1]
OS_SchedLockTimeMeasStop
                        0x00000a3d   0x2e  Code  Gb  os_core.o [1]
OS_SchedRoundRobin      0x00000a6b   0xa6  Code  Gb  os_core.o [1]
OS_TaskBlock            0x00000b71   0x38  Code  Gb  os_core.o [1]
OS_TaskDbgListAdd       0x00001791   0x2c  Code  Gb  os_task.o [1]
OS_TaskDbgListRemove    0x000017bd   0x4a  Code  Gb  os_task.o [1]
OS_TaskInit             0x00001807   0x18  Code  Gb  os_task.o [1]
OS_TaskInitTCB          0x00001829   0xc2  Code  Gb  os_task.o [1]
OS_TaskRdy              0x00000ba9   0x1a  Code  Gb  os_core.o [1]
OS_TaskReturn           0x000018f5   0x14  Code  Gb  os_task.o [1]
OS_TaskSemPost          0x00001911   0xd4  Code  Gb  os_task.o [1]
OS_TickListInit         0x00001cb5   0x2e  Code  Gb  os_tick.o [1]
OS_TickListInsert       0x00001ce3  0x122  Code  Gb  os_tick.o [1]
OS_TickListRemove       0x00001e05   0x42  Code  Gb  os_tick.o [1]
OS_TickListUpdate       0x00001e47  0x17a  Code  Gb  os_tick.o [1]
OS_TickTask             0x00001c13   0x2a  Code  Gb  os_tick.o [1]
OS_TickTaskInit         0x00001c3d   0x78  Code  Gb  os_tick.o [1]
OS_TmrInit              0x0000258d   0xe2  Code  Gb  os_tmr.o [1]
OS_TmrLink              0x0000266f   0xd2  Code  Gb  os_tmr.o [1]
OS_TmrTask              0x00002791   0xac  Code  Gb  os_tmr.o [1]
OS_TmrUnlink            0x00002741   0x4c  Code  Gb  os_tmr.o [1]
OS_revive_rec_task      0x000019fd  0x216  Code  Gb  os_tick.o [1]
PWMGenConfigure         0x000042f9   0x3c  Code  Gb  pwm.o [1]
PWMGenEnable            0x00004357    0xe  Code  Gb  pwm.o [1]
PWMGenPeriodSet         0x00004335   0x22  Code  Gb  pwm.o [1]
PWMOutputInvert         0x000043bf   0x2c  Code  Gb  pwm.o [1]
PWMOutputState          0x00004393   0x2c  Code  Gb  pwm.o [1]
PWMPulseWidthSet        0x00004365   0x2e  Code  Gb  pwm.o [1]
Region$$Table$$Base     0x00004da4          --   Gb  - Linker created -
Region$$Table$$Limit    0x00004dc8          --   Gb  - Linker created -
Right_tgt               0x20003329    0x1  Data  Gb  app.o [1]
RoboTurn                0x000047ad   0xc8  Code  Gb  app.o [1]
SysCtlClockGet          0x0000317b  0x1e4  Code  Gb  sysctl.o [1]
SysCtlClockSet          0x0000301d  0x15e  Code  Gb  sysctl.o [1]
SysCtlDelay             0x00003015    0x8  Code  Gb  sysctl.o [1]
SysCtlPWMClockSet       0x0000335f   0x10  Code  Gb  sysctl.o [1]
SysCtlPeripheralDeepSleepDisable
                        0x00002fe9   0x2c  Code  Gb  sysctl.o [1]
SysCtlPeripheralEnable  0x00002fbd   0x2c  Code  Gb  sysctl.o [1]
SysCtlPeripheralReset   0x00002f51   0x6c  Code  Gb  sysctl.o [1]
__aeabi_memclr4         0x00002d21         Code  Gb  ABImemclr4.o [5]
__aeabi_memcpy4         0x00002d29         Code  Gb  ABImemcpy.o [5]
__aeabi_memcpy8         0x00002d29         Code  Gb  ABImemcpy.o [5]
__cmain                 0x00004de9         Code  Gb  cmain.o [5]
__exit                  0x00004e1d   0x14  Code  Gb  exit.o [6]
__iar_Memset4_word      0x00002f1d         Code  Gb  ABImemset48.o [5]
__iar_Memset8_word      0x00002f1d         Code  Gb  ABImemset48.o [5]
__iar_copy_init3        0x00004d01   0x2c  Code  Gb  copy_init3.o [5]
__iar_data_init3        0x00004d7d   0x28  Code  Gb  data_init.o [5]
__iar_program_start     0x00004f1d         Code  Gb  cstartup_M.o [5]
__iar_systems$$module {Abs}
                        0x00000001         Data  Gb  command line/config [2]
__iar_zero_init3        0x00004c31   0x40  Code  Gb  zero_init3.o [5]
__low_level_init        0x00004e07    0x4  Code  Gb  low_level_init.o [3]
__vector_table          0x00000000  0x11c  Data  Gb  app_vect.o [1]
_abs                    0x00000ea1    0xa  Code  Gb  avltree.o [1]
_balance_tree           0x00001169   0xd0  Code  Lc  avltree.o [1]
_call_main              0x00004df5         Code  Gb  cmain.o [5]
_exit                   0x00004e11         Code  Gb  cexit.o [5]
_main                   0x00004e03         Code  Gb  cmain.o [5]
_rotate_LL              0x00000f05   0xd6  Code  Gb  avltree.o [1]
_rotate_LR              0x000010b1   0x5c  Code  Gb  avltree.o [1]
_rotate_RL              0x0000110d   0x5c  Code  Gb  avltree.o [1]
_rotate_RR              0x00000fdb   0xd6  Code  Gb  avltree.o [1]
avl_count               0x2000331c    0x2  Data  Gb  os_tick.o [1]
avl_init                0x000012e5    0x8  Code  Gb  avltree.o [1]
avl_insert              0x000012ed  0x10c  Code  Gb  avltree.o [1]
avl_next                0x00001239   0x5a  Code  Gb  avltree.o [1]
avl_search_greater      0x00001293   0x52  Code  Gb  avltree.o [1]
avl_set_bf              0x00000ee5   0x20  Code  Gb  avltree.o [1]
avl_set_parent          0x00000eab   0x1c  Code  Gb  avltree.o [1]
base_size               0x00004f50    0x4  Data  Lc  heap.o [1]
cmp_func                0x00000ec7   0x1e  Code  Gb  avltree.o [1]
count                   0x2000331e    0x2  Data  Gb  os_tick.o [1]
exit                    0x00004e0b    0x4  Code  Gb  exit.o [3]
g_pucFont               0x00004960  0x1dc  Data  Lc  bsp_display.o [1]
g_pucRITInit            0x00004b98   0x50  Data  Lc  bsp_display.o [1]
g_pucRow1               0x00004f28    0x8  Data  Lc  bsp_display.o [1]
g_pucRow2               0x00004f30    0x8  Data  Lc  bsp_display.o [1]
g_pulDCGCRegs           0x00004f04    0xc  Data  Lc  sysctl.o [1]
g_pulGPIOBaseAddrs      0x00004be8   0x48  Data  Lc  gpio.o [1]
g_pulRCGCRegs           0x00004ef8    0xc  Data  Lc  sysctl.o [1]
g_pulSRCRRegs           0x00004eec    0xc  Data  Lc  sysctl.o [1]
g_pulXtals              0x00004b3c   0x5c  Data  Lc  sysctl.o [1]
g_ucColumnAdjust        0x20000004    0x4  Data  Lc  bsp_display.o [1]
g_ulDelay               0x200032a8    0x4  Data  Lc  bsp_display.o [1]
heap_init               0x00000bc5   0x22  Code  Gb  heap.o [1]
heap_pop                0x00000c2f   0x7e  Code  Gb  heap.o [1]
heap_push               0x00000be7   0x48  Code  Gb  heap.o [1]
iMove                   0x20000000    0x4  Data  Gb  app.o [1]
main                    0x000043ed   0x56  Code  Gb  app.o [1]
new_avl_nodeArr         0x20000008  0xfa0  Data  Gb  os_tick.o [1]
new_nodeArr             0x200015e8  0x4b0  Data  Gb  os_tick.o [1]


[1] = C:\Users\nickm\OneDrive\Documents\NTU\Year 3\Semester 2\CE4053 Embedded OS\Lab (Free Access)\Repository\ce4053\Micrium Phase 2\Software\EvalBoards\TI\LM3S9B92-EVALBOT\IAR\uCOS-III-CE4053_PG\Flash\Obj
[2] = command line
[3] = dl7M_tlf.a
[4] = m7M_tl.a
[5] = rt7M_tl.a
[6] = shb_l.a

  18 722 bytes of readonly  code memory
   1 753 bytes of readonly  data memory
  14 131 bytes of readwrite data memory

Errors: none
Warnings: none
