###############################################################################
#
# IAR ELF Linker V8.20.2.14835/W32 for ARM                20/Mar/2018  23:15:18
# Copyright 2007-2017 IAR Systems AB.
#
#    Output file  =  
#        C:\Users\nickm\OneDrive\Documents\NTU\Year 3\Semester 2\CE4053
#        Embedded OS\Lab (Free Access)\Repository\ce4053\Micrium Phase
#        1\Software\EvalBoards\TI\LM3S9B92-EVALBOT\IAR\uCOS-III-CE4053_PG\Flash\Exe\uCOS-III-Ex4.out
#    Map file     =  
#        C:\Users\nickm\OneDrive\Documents\NTU\Year 3\Semester 2\CE4053
#        Embedded OS\Lab (Free Access)\Repository\ce4053\Micrium Phase
#        1\Software\EvalBoards\TI\LM3S9B92-EVALBOT\IAR\uCOS-III-CE4053_PG\Flash\List\uCOS-III-Ex4.map
#    Command line =  
#        -f C:\Users\nickm\AppData\Local\Temp\EWA55.tmp
#        ("C:\Users\nickm\OneDrive\Documents\NTU\Year 3\Semester 2\CE4053
#        Embedded OS\Lab (Free Access)\Repository\ce4053\Micrium Phase
#        1\Software\EvalBoards\TI\LM3S9B92-EVALBOT\IAR\uCOS-III-CE4053_PG\Flash\Obj\adc.o"
#        "C:\Users\nickm\OneDrive\Documents\NTU\Year 3\Semester 2\CE4053
#        Embedded OS\Lab (Free Access)\Repository\ce4053\Micrium Phase
#        1\Software\EvalBoards\TI\LM3S9B92-EVALBOT\IAR\uCOS-III-CE4053_PG\Flash\Obj\app.o"
#        "C:\Users\nickm\OneDrive\Documents\NTU\Year 3\Semester 2\CE4053
#        Embedded OS\Lab (Free Access)\Repository\ce4053\Micrium Phase
#        1\Software\EvalBoards\TI\LM3S9B92-EVALBOT\IAR\uCOS-III-CE4053_PG\Flash\Obj\app_vect.o"
#        "C:\Users\nickm\OneDrive\Documents\NTU\Year 3\Semester 2\CE4053
#        Embedded OS\Lab (Free Access)\Repository\ce4053\Micrium Phase
#        1\Software\EvalBoards\TI\LM3S9B92-EVALBOT\IAR\uCOS-III-CE4053_PG\Flash\Obj\avltree.o"
#        "C:\Users\nickm\OneDrive\Documents\NTU\Year 3\Semester 2\CE4053
#        Embedded OS\Lab (Free Access)\Repository\ce4053\Micrium Phase
#        1\Software\EvalBoards\TI\LM3S9B92-EVALBOT\IAR\uCOS-III-CE4053_PG\Flash\Obj\bsp.o"
#        "C:\Users\nickm\OneDrive\Documents\NTU\Year 3\Semester 2\CE4053
#        Embedded OS\Lab (Free Access)\Repository\ce4053\Micrium Phase
#        1\Software\EvalBoards\TI\LM3S9B92-EVALBOT\IAR\uCOS-III-CE4053_PG\Flash\Obj\bsp_dac.o"
#        "C:\Users\nickm\OneDrive\Documents\NTU\Year 3\Semester 2\CE4053
#        Embedded OS\Lab (Free Access)\Repository\ce4053\Micrium Phase
#        1\Software\EvalBoards\TI\LM3S9B92-EVALBOT\IAR\uCOS-III-CE4053_PG\Flash\Obj\bsp_display.o"
#        "C:\Users\nickm\OneDrive\Documents\NTU\Year 3\Semester 2\CE4053
#        Embedded OS\Lab (Free Access)\Repository\ce4053\Micrium Phase
#        1\Software\EvalBoards\TI\LM3S9B92-EVALBOT\IAR\uCOS-III-CE4053_PG\Flash\Obj\bsp_int.o"
#        "C:\Users\nickm\OneDrive\Documents\NTU\Year 3\Semester 2\CE4053
#        Embedded OS\Lab (Free Access)\Repository\ce4053\Micrium Phase
#        1\Software\EvalBoards\TI\LM3S9B92-EVALBOT\IAR\uCOS-III-CE4053_PG\Flash\Obj\bsp_io.o"
#        "C:\Users\nickm\OneDrive\Documents\NTU\Year 3\Semester 2\CE4053
#        Embedded OS\Lab (Free Access)\Repository\ce4053\Micrium Phase
#        1\Software\EvalBoards\TI\LM3S9B92-EVALBOT\IAR\uCOS-III-CE4053_PG\Flash\Obj\bsp_motor.o"
#        "C:\Users\nickm\OneDrive\Documents\NTU\Year 3\Semester 2\CE4053
#        Embedded OS\Lab (Free Access)\Repository\ce4053\Micrium Phase
#        1\Software\EvalBoards\TI\LM3S9B92-EVALBOT\IAR\uCOS-III-CE4053_PG\Flash\Obj\bsp_sensors.o"
#        "C:\Users\nickm\OneDrive\Documents\NTU\Year 3\Semester 2\CE4053
#        Embedded OS\Lab (Free Access)\Repository\ce4053\Micrium Phase
#        1\Software\EvalBoards\TI\LM3S9B92-EVALBOT\IAR\uCOS-III-CE4053_PG\Flash\Obj\can.o"
#        "C:\Users\nickm\OneDrive\Documents\NTU\Year 3\Semester 2\CE4053
#        Embedded OS\Lab (Free Access)\Repository\ce4053\Micrium Phase
#        1\Software\EvalBoards\TI\LM3S9B92-EVALBOT\IAR\uCOS-III-CE4053_PG\Flash\Obj\comp.o"
#        "C:\Users\nickm\OneDrive\Documents\NTU\Year 3\Semester 2\CE4053
#        Embedded OS\Lab (Free Access)\Repository\ce4053\Micrium Phase
#        1\Software\EvalBoards\TI\LM3S9B92-EVALBOT\IAR\uCOS-III-CE4053_PG\Flash\Obj\cpu_.o"
#        "C:\Users\nickm\OneDrive\Documents\NTU\Year 3\Semester 2\CE4053
#        Embedded OS\Lab (Free Access)\Repository\ce4053\Micrium Phase
#        1\Software\EvalBoards\TI\LM3S9B92-EVALBOT\IAR\uCOS-III-CE4053_PG\Flash\Obj\cpu_a.o"
#        "C:\Users\nickm\OneDrive\Documents\NTU\Year 3\Semester 2\CE4053
#        Embedded OS\Lab (Free Access)\Repository\ce4053\Micrium Phase
#        1\Software\EvalBoards\TI\LM3S9B92-EVALBOT\IAR\uCOS-III-CE4053_PG\Flash\Obj\cpu_bsp.o"
#        "C:\Users\nickm\OneDrive\Documents\NTU\Year 3\Semester 2\CE4053
#        Embedded OS\Lab (Free Access)\Repository\ce4053\Micrium Phase
#        1\Software\EvalBoards\TI\LM3S9B92-EVALBOT\IAR\uCOS-III-CE4053_PG\Flash\Obj\cpu_c.o"
#        "C:\Users\nickm\OneDrive\Documents\NTU\Year 3\Semester 2\CE4053
#        Embedded OS\Lab (Free Access)\Repository\ce4053\Micrium Phase
#        1\Software\EvalBoards\TI\LM3S9B92-EVALBOT\IAR\uCOS-III-CE4053_PG\Flash\Obj\cpu_core.o"
#        "C:\Users\nickm\OneDrive\Documents\NTU\Year 3\Semester 2\CE4053
#        Embedded OS\Lab (Free Access)\Repository\ce4053\Micrium Phase
#        1\Software\EvalBoards\TI\LM3S9B92-EVALBOT\IAR\uCOS-III-CE4053_PG\Flash\Obj\epi.o"
#        "C:\Users\nickm\OneDrive\Documents\NTU\Year 3\Semester 2\CE4053
#        Embedded OS\Lab (Free Access)\Repository\ce4053\Micrium Phase
#        1\Software\EvalBoards\TI\LM3S9B92-EVALBOT\IAR\uCOS-III-CE4053_PG\Flash\Obj\ethernet.o"
#        "C:\Users\nickm\OneDrive\Documents\NTU\Year 3\Semester 2\CE4053
#        Embedded OS\Lab (Free Access)\Repository\ce4053\Micrium Phase
#        1\Software\EvalBoards\TI\LM3S9B92-EVALBOT\IAR\uCOS-III-CE4053_PG\Flash\Obj\fatfs.o"
#        "C:\Users\nickm\OneDrive\Documents\NTU\Year 3\Semester 2\CE4053
#        Embedded OS\Lab (Free Access)\Repository\ce4053\Micrium Phase
#        1\Software\EvalBoards\TI\LM3S9B92-EVALBOT\IAR\uCOS-III-CE4053_PG\Flash\Obj\flash.o"
#        "C:\Users\nickm\OneDrive\Documents\NTU\Year 3\Semester 2\CE4053
#        Embedded OS\Lab (Free Access)\Repository\ce4053\Micrium Phase
#        1\Software\EvalBoards\TI\LM3S9B92-EVALBOT\IAR\uCOS-III-CE4053_PG\Flash\Obj\gpio.o"
#        "C:\Users\nickm\OneDrive\Documents\NTU\Year 3\Semester 2\CE4053
#        Embedded OS\Lab (Free Access)\Repository\ce4053\Micrium Phase
#        1\Software\EvalBoards\TI\LM3S9B92-EVALBOT\IAR\uCOS-III-CE4053_PG\Flash\Obj\heap.o"
#        "C:\Users\nickm\OneDrive\Documents\NTU\Year 3\Semester 2\CE4053
#        Embedded OS\Lab (Free Access)\Repository\ce4053\Micrium Phase
#        1\Software\EvalBoards\TI\LM3S9B92-EVALBOT\IAR\uCOS-III-CE4053_PG\Flash\Obj\hibernate.o"
#        "C:\Users\nickm\OneDrive\Documents\NTU\Year 3\Semester 2\CE4053
#        Embedded OS\Lab (Free Access)\Repository\ce4053\Micrium Phase
#        1\Software\EvalBoards\TI\LM3S9B92-EVALBOT\IAR\uCOS-III-CE4053_PG\Flash\Obj\i2c.o"
#        "C:\Users\nickm\OneDrive\Documents\NTU\Year 3\Semester 2\CE4053
#        Embedded OS\Lab (Free Access)\Repository\ce4053\Micrium Phase
#        1\Software\EvalBoards\TI\LM3S9B92-EVALBOT\IAR\uCOS-III-CE4053_PG\Flash\Obj\i2s.o"
#        "C:\Users\nickm\OneDrive\Documents\NTU\Year 3\Semester 2\CE4053
#        Embedded OS\Lab (Free Access)\Repository\ce4053\Micrium Phase
#        1\Software\EvalBoards\TI\LM3S9B92-EVALBOT\IAR\uCOS-III-CE4053_PG\Flash\Obj\interrupt.o"
#        "C:\Users\nickm\OneDrive\Documents\NTU\Year 3\Semester 2\CE4053
#        Embedded OS\Lab (Free Access)\Repository\ce4053\Micrium Phase
#        1\Software\EvalBoards\TI\LM3S9B92-EVALBOT\IAR\uCOS-III-CE4053_PG\Flash\Obj\lib_ascii.o"
#        "C:\Users\nickm\OneDrive\Documents\NTU\Year 3\Semester 2\CE4053
#        Embedded OS\Lab (Free Access)\Repository\ce4053\Micrium Phase
#        1\Software\EvalBoards\TI\LM3S9B92-EVALBOT\IAR\uCOS-III-CE4053_PG\Flash\Obj\lib_math.o"
#        "C:\Users\nickm\OneDrive\Documents\NTU\Year 3\Semester 2\CE4053
#        Embedded OS\Lab (Free Access)\Repository\ce4053\Micrium Phase
#        1\Software\EvalBoards\TI\LM3S9B92-EVALBOT\IAR\uCOS-III-CE4053_PG\Flash\Obj\lib_mem.o"
#        "C:\Users\nickm\OneDrive\Documents\NTU\Year 3\Semester 2\CE4053
#        Embedded OS\Lab (Free Access)\Repository\ce4053\Micrium Phase
#        1\Software\EvalBoards\TI\LM3S9B92-EVALBOT\IAR\uCOS-III-CE4053_PG\Flash\Obj\lib_str.o"
#        "C:\Users\nickm\OneDrive\Documents\NTU\Year 3\Semester 2\CE4053
#        Embedded OS\Lab (Free Access)\Repository\ce4053\Micrium Phase
#        1\Software\EvalBoards\TI\LM3S9B92-EVALBOT\IAR\uCOS-III-CE4053_PG\Flash\Obj\microsd.o"
#        "C:\Users\nickm\OneDrive\Documents\NTU\Year 3\Semester 2\CE4053
#        Embedded OS\Lab (Free Access)\Repository\ce4053\Micrium Phase
#        1\Software\EvalBoards\TI\LM3S9B92-EVALBOT\IAR\uCOS-III-CE4053_PG\Flash\Obj\mpu.o"
#        "C:\Users\nickm\OneDrive\Documents\NTU\Year 3\Semester 2\CE4053
#        Embedded OS\Lab (Free Access)\Repository\ce4053\Micrium Phase
#        1\Software\EvalBoards\TI\LM3S9B92-EVALBOT\IAR\uCOS-III-CE4053_PG\Flash\Obj\os_app_hooks.o"
#        "C:\Users\nickm\OneDrive\Documents\NTU\Year 3\Semester 2\CE4053
#        Embedded OS\Lab (Free Access)\Repository\ce4053\Micrium Phase
#        1\Software\EvalBoards\TI\LM3S9B92-EVALBOT\IAR\uCOS-III-CE4053_PG\Flash\Obj\os_cfg_app.o"
#        "C:\Users\nickm\OneDrive\Documents\NTU\Year 3\Semester 2\CE4053
#        Embedded OS\Lab (Free Access)\Repository\ce4053\Micrium Phase
#        1\Software\EvalBoards\TI\LM3S9B92-EVALBOT\IAR\uCOS-III-CE4053_PG\Flash\Obj\os_core.o"
#        "C:\Users\nickm\OneDrive\Documents\NTU\Year 3\Semester 2\CE4053
#        Embedded OS\Lab (Free Access)\Repository\ce4053\Micrium Phase
#        1\Software\EvalBoards\TI\LM3S9B92-EVALBOT\IAR\uCOS-III-CE4053_PG\Flash\Obj\os_cpu_a.o"
#        "C:\Users\nickm\OneDrive\Documents\NTU\Year 3\Semester 2\CE4053
#        Embedded OS\Lab (Free Access)\Repository\ce4053\Micrium Phase
#        1\Software\EvalBoards\TI\LM3S9B92-EVALBOT\IAR\uCOS-III-CE4053_PG\Flash\Obj\os_cpu_c.o"
#        "C:\Users\nickm\OneDrive\Documents\NTU\Year 3\Semester 2\CE4053
#        Embedded OS\Lab (Free Access)\Repository\ce4053\Micrium Phase
#        1\Software\EvalBoards\TI\LM3S9B92-EVALBOT\IAR\uCOS-III-CE4053_PG\Flash\Obj\os_dbg.o"
#        "C:\Users\nickm\OneDrive\Documents\NTU\Year 3\Semester 2\CE4053
#        Embedded OS\Lab (Free Access)\Repository\ce4053\Micrium Phase
#        1\Software\EvalBoards\TI\LM3S9B92-EVALBOT\IAR\uCOS-III-CE4053_PG\Flash\Obj\os_flag.o"
#        "C:\Users\nickm\OneDrive\Documents\NTU\Year 3\Semester 2\CE4053
#        Embedded OS\Lab (Free Access)\Repository\ce4053\Micrium Phase
#        1\Software\EvalBoards\TI\LM3S9B92-EVALBOT\IAR\uCOS-III-CE4053_PG\Flash\Obj\os_int.o"
#        "C:\Users\nickm\OneDrive\Documents\NTU\Year 3\Semester 2\CE4053
#        Embedded OS\Lab (Free Access)\Repository\ce4053\Micrium Phase
#        1\Software\EvalBoards\TI\LM3S9B92-EVALBOT\IAR\uCOS-III-CE4053_PG\Flash\Obj\os_mem.o"
#        "C:\Users\nickm\OneDrive\Documents\NTU\Year 3\Semester 2\CE4053
#        Embedded OS\Lab (Free Access)\Repository\ce4053\Micrium Phase
#        1\Software\EvalBoards\TI\LM3S9B92-EVALBOT\IAR\uCOS-III-CE4053_PG\Flash\Obj\os_msg.o"
#        "C:\Users\nickm\OneDrive\Documents\NTU\Year 3\Semester 2\CE4053
#        Embedded OS\Lab (Free Access)\Repository\ce4053\Micrium Phase
#        1\Software\EvalBoards\TI\LM3S9B92-EVALBOT\IAR\uCOS-III-CE4053_PG\Flash\Obj\os_mutex.o"
#        "C:\Users\nickm\OneDrive\Documents\NTU\Year 3\Semester 2\CE4053
#        Embedded OS\Lab (Free Access)\Repository\ce4053\Micrium Phase
#        1\Software\EvalBoards\TI\LM3S9B92-EVALBOT\IAR\uCOS-III-CE4053_PG\Flash\Obj\os_pend_multi.o"
#        "C:\Users\nickm\OneDrive\Documents\NTU\Year 3\Semester 2\CE4053
#        Embedded OS\Lab (Free Access)\Repository\ce4053\Micrium Phase
#        1\Software\EvalBoards\TI\LM3S9B92-EVALBOT\IAR\uCOS-III-CE4053_PG\Flash\Obj\os_prio.o"
#        "C:\Users\nickm\OneDrive\Documents\NTU\Year 3\Semester 2\CE4053
#        Embedded OS\Lab (Free Access)\Repository\ce4053\Micrium Phase
#        1\Software\EvalBoards\TI\LM3S9B92-EVALBOT\IAR\uCOS-III-CE4053_PG\Flash\Obj\os_q.o"
#        "C:\Users\nickm\OneDrive\Documents\NTU\Year 3\Semester 2\CE4053
#        Embedded OS\Lab (Free Access)\Repository\ce4053\Micrium Phase
#        1\Software\EvalBoards\TI\LM3S9B92-EVALBOT\IAR\uCOS-III-CE4053_PG\Flash\Obj\os_sem.o"
#        "C:\Users\nickm\OneDrive\Documents\NTU\Year 3\Semester 2\CE4053
#        Embedded OS\Lab (Free Access)\Repository\ce4053\Micrium Phase
#        1\Software\EvalBoards\TI\LM3S9B92-EVALBOT\IAR\uCOS-III-CE4053_PG\Flash\Obj\os_stat.o"
#        "C:\Users\nickm\OneDrive\Documents\NTU\Year 3\Semester 2\CE4053
#        Embedded OS\Lab (Free Access)\Repository\ce4053\Micrium Phase
#        1\Software\EvalBoards\TI\LM3S9B92-EVALBOT\IAR\uCOS-III-CE4053_PG\Flash\Obj\os_task.o"
#        "C:\Users\nickm\OneDrive\Documents\NTU\Year 3\Semester 2\CE4053
#        Embedded OS\Lab (Free Access)\Repository\ce4053\Micrium Phase
#        1\Software\EvalBoards\TI\LM3S9B92-EVALBOT\IAR\uCOS-III-CE4053_PG\Flash\Obj\os_tick.o"
#        "C:\Users\nickm\OneDrive\Documents\NTU\Year 3\Semester 2\CE4053
#        Embedded OS\Lab (Free Access)\Repository\ce4053\Micrium Phase
#        1\Software\EvalBoards\TI\LM3S9B92-EVALBOT\IAR\uCOS-III-CE4053_PG\Flash\Obj\os_time.o"
#        "C:\Users\nickm\OneDrive\Documents\NTU\Year 3\Semester 2\CE4053
#        Embedded OS\Lab (Free Access)\Repository\ce4053\Micrium Phase
#        1\Software\EvalBoards\TI\LM3S9B92-EVALBOT\IAR\uCOS-III-CE4053_PG\Flash\Obj\os_tmr.o"
#        "C:\Users\nickm\OneDrive\Documents\NTU\Year 3\Semester 2\CE4053
#        Embedded OS\Lab (Free Access)\Repository\ce4053\Micrium Phase
#        1\Software\EvalBoards\TI\LM3S9B92-EVALBOT\IAR\uCOS-III-CE4053_PG\Flash\Obj\os_var.o"
#        "C:\Users\nickm\OneDrive\Documents\NTU\Year 3\Semester 2\CE4053
#        Embedded OS\Lab (Free Access)\Repository\ce4053\Micrium Phase
#        1\Software\EvalBoards\TI\LM3S9B92-EVALBOT\IAR\uCOS-III-CE4053_PG\Flash\Obj\pwm.o"
#        "C:\Users\nickm\OneDrive\Documents\NTU\Year 3\Semester 2\CE4053
#        Embedded OS\Lab (Free Access)\Repository\ce4053\Micrium Phase
#        1\Software\EvalBoards\TI\LM3S9B92-EVALBOT\IAR\uCOS-III-CE4053_PG\Flash\Obj\qei.o"
#        "C:\Users\nickm\OneDrive\Documents\NTU\Year 3\Semester 2\CE4053
#        Embedded OS\Lab (Free Access)\Repository\ce4053\Micrium Phase
#        1\Software\EvalBoards\TI\LM3S9B92-EVALBOT\IAR\uCOS-III-CE4053_PG\Flash\Obj\ssi.o"
#        "C:\Users\nickm\OneDrive\Documents\NTU\Year 3\Semester 2\CE4053
#        Embedded OS\Lab (Free Access)\Repository\ce4053\Micrium Phase
#        1\Software\EvalBoards\TI\LM3S9B92-EVALBOT\IAR\uCOS-III-CE4053_PG\Flash\Obj\sysctl.o"
#        "C:\Users\nickm\OneDrive\Documents\NTU\Year 3\Semester 2\CE4053
#        Embedded OS\Lab (Free Access)\Repository\ce4053\Micrium Phase
#        1\Software\EvalBoards\TI\LM3S9B92-EVALBOT\IAR\uCOS-III-CE4053_PG\Flash\Obj\systick.o"
#        "C:\Users\nickm\OneDrive\Documents\NTU\Year 3\Semester 2\CE4053
#        Embedded OS\Lab (Free Access)\Repository\ce4053\Micrium Phase
#        1\Software\EvalBoards\TI\LM3S9B92-EVALBOT\IAR\uCOS-III-CE4053_PG\Flash\Obj\timer.o"
#        "C:\Users\nickm\OneDrive\Documents\NTU\Year 3\Semester 2\CE4053
#        Embedded OS\Lab (Free Access)\Repository\ce4053\Micrium Phase
#        1\Software\EvalBoards\TI\LM3S9B92-EVALBOT\IAR\uCOS-III-CE4053_PG\Flash\Obj\uart.o"
#        "C:\Users\nickm\OneDrive\Documents\NTU\Year 3\Semester 2\CE4053
#        Embedded OS\Lab (Free Access)\Repository\ce4053\Micrium Phase
#        1\Software\EvalBoards\TI\LM3S9B92-EVALBOT\IAR\uCOS-III-CE4053_PG\Flash\Obj\udma.o"
#        "C:\Users\nickm\OneDrive\Documents\NTU\Year 3\Semester 2\CE4053
#        Embedded OS\Lab (Free Access)\Repository\ce4053\Micrium Phase
#        1\Software\EvalBoards\TI\LM3S9B92-EVALBOT\IAR\uCOS-III-CE4053_PG\Flash\Obj\usb.o"
#        "C:\Users\nickm\OneDrive\Documents\NTU\Year 3\Semester 2\CE4053
#        Embedded OS\Lab (Free Access)\Repository\ce4053\Micrium Phase
#        1\Software\EvalBoards\TI\LM3S9B92-EVALBOT\IAR\uCOS-III-CE4053_PG\Flash\Obj\watchdog.o"
#        --redirect _Printf=_PrintfFull --redirect _Scanf=_ScanfFull -o
#        "C:\Users\nickm\OneDrive\Documents\NTU\Year 3\Semester 2\CE4053
#        Embedded OS\Lab (Free Access)\Repository\ce4053\Micrium Phase
#        1\Software\EvalBoards\TI\LM3S9B92-EVALBOT\IAR\uCOS-III-CE4053_PG\Flash\Exe\uCOS-III-Ex4.out"
#        --map "C:\Users\nickm\OneDrive\Documents\NTU\Year 3\Semester 2\CE4053
#        Embedded OS\Lab (Free Access)\Repository\ce4053\Micrium Phase
#        1\Software\EvalBoards\TI\LM3S9B92-EVALBOT\IAR\uCOS-III-CE4053_PG\Flash\List\uCOS-III-Ex4.map"
#        --config "C:\Users\nickm\OneDrive\Documents\NTU\Year 3\Semester
#        2\CE4053 Embedded OS\Lab (Free Access)\Repository\ce4053\Micrium Phase
#        1\Software\EvalBoards\TI\LM3S9B92-EVALBOT\IAR\uCOS-III-CE4053_PG\..\BSP\LM3S9B92_Flash.icf"
#        --semihosting --entry __iar_program_start --vfe --text_out locale)
#
###############################################################################

*******************************************************************************
*** RUNTIME MODEL ATTRIBUTES
***

CppFlavor       = *
__SystemLibrary = DLib
__dlib_version  = 6


*******************************************************************************
*** HEAP SELECTION
***

The basic heap was selected because some modules are built with
size limitations (and not runtime checking), and --advanced_heap
was not specified.


*******************************************************************************
*** PLACEMENT SUMMARY
***

"A0":  place at start of [from 0x00000000 to 0x0003ffff] { ro section .intvec };
"P1":  place in [from 0x00000000 to 0x0003ffff] { ro };
"P2":  place in [from 0x00000000 to 0x0003ffff] { section wave_1 };
"P3":  place in [from 0x00000000 to 0x0003ffff] { section wave_2 };
"P4":  place in [from 0x00000000 to 0x0003ffff] { section wave_3 };
"P5":  place in [from 0x00000000 to 0x0003ffff] { section wave_4 };
"P6":  place in [from 0x00000000 to 0x0003ffff] { section wave_5 };
define block HEAP with size = 0M, alignment = 8 { };
define block CSTACK with size = 1K, alignment = 8 { };
"P7":  place in [from 0x20000000 to 0x20017fff] {
          rw, block HEAP, block CSTACK };

No sections matched the following patterns:

  section wave_1  in "P1-P6"
  section wave_2  in "P1-P6"
  section wave_3  in "P1-P6"
  section wave_4  in "P1-P6"
  section wave_5  in "P1-P6"


  Section          Kind        Address    Size  Object
  -------          ----        -------    ----  ------
"A0":                                    0x11c
  .intvec          const    0x00000000   0x11c  app_vect.o [1]
                          - 0x0000011c   0x11c

"P1-P6":                                0x4bfd
  .text            ro code  0x0000011c   0xa62  os_core.o [1]
  .rodata          const    0x00000b7e     0x2  os_cfg_app.o [1]
  .text            ro code  0x00000b80    0xec  heap.o [1]
  .text            ro code  0x00000c6c   0x15c  os_cpu_c.o [1]
  .text            ro code  0x00000dc8    0x94  os_prio.o [1]
  .text            ro code  0x00000e5c   0x7d8  avltree.o [1]
  .text            ro code  0x00001634   0x914  os_task.o [1]
  .text            ro code  0x00001f48   0x620  os_tick.o [1]
  .text            ro code  0x00002568    0x1c  os_flag.o [1]
  .text            ro code  0x00002584    0xd0  os_msg.o [1]
  .text            ro code  0x00002654    0x1c  os_mutex.o [1]
  .text            ro code  0x00002670    0x1c  os_q.o [1]
  .text            ro code  0x0000268c   0x2f0  os_tmr.o [1]
  .text            ro code  0x0000297c   0x188  os_dbg.o [1]
  .text            ro code  0x00002b04    0xac  os_cfg_app.o [1]
  CODE             ro code  0x00002bb0    0x2a  cpu_a.o [1]
  .rodata          const    0x00002bda     0x2  os_cfg_app.o [1]
  .text            ro code  0x00002bdc   0x198  cpu_core.o [1]
  CODE             ro code  0x00002d74    0x84  os_cpu_a.o [1]
  .text            ro code  0x00002df8    0x28  cpu_bsp.o [1]
  .text            ro code  0x00002e20     0x6  ABImemclr4.o [5]
  .rodata          const    0x00002e26     0x2  os_cfg_app.o [1]
  .text            ro code  0x00002e28    0x86  ABImemcpy.o [5]
  .rodata          const    0x00002eae     0x2  os_dbg.o [1]
  .text            ro code  0x00002eb0    0x64  os_time.o [1]
  .text            ro code  0x00002f14    0x60  lib_mem.o [1]
  .text            ro code  0x00002f74    0xa8  bsp.o [1]
  .text            ro code  0x0000301c    0x32  ABImemset48.o [5]
  .rodata          const    0x0000304e     0x2  os_dbg.o [1]
  .text            ro code  0x00003050   0x458  sysctl.o [1]
  .text            ro code  0x000034a8   0x256  bsp_int.o [1]
  .rodata          const    0x000036fe     0x2  os_dbg.o [1]
  .text            ro code  0x00003700   0x268  bsp_display.o [1]
  .text            ro code  0x00003968    0xc4  bsp_io.o [1]
  .text            ro code  0x00003a2c   0x154  bsp_sensors.o [1]
  .text            ro code  0x00003b80   0x1fc  bsp_motor.o [1]
  .text            ro code  0x00003d7c   0x148  cpu_c.o [1]
  .text            ro code  0x00003ec4    0xc6  i2c.o [1]
  .rodata          const    0x00003f8a     0x2  os_dbg.o [1]
  .text            ro code  0x00003f8c   0x368  gpio.o [1]
  .text            ro code  0x000042f4    0xf2  pwm.o [1]
  .rodata          const    0x000043e6     0x2  os_dbg.o [1]
  .text            ro code  0x000043e8   0x4e0  app.o [1]
  .rodata          const    0x000048c8    0x5c  sysctl.o [1]
  .rodata          const    0x00004924    0x50  bsp_display.o [1]
  .rodata          const    0x00004974    0x48  gpio.o [1]
  .text            ro code  0x000049bc    0x40  zero_init3.o [5]
  .rodata          const    0x000049fc    0x34  os_dbg.o [1]
  .rodata          const    0x00004a30    0x30  os_dbg.o [1]
  .rodata          const    0x00004a60    0x2c  os_dbg.o [1]
  .rodata          const    0x00004a8c    0x28  os_dbg.o [1]
  .rodata          const    0x00004ab4    0x28  os_dbg.o [1]
  .text            ro code  0x00004adc    0x28  data_init.o [5]
  .iar.init_table  const    0x00004b04    0x10  - Linker created -
  .rodata          const    0x00004b14    0x20  os_dbg.o [1]
  .text            ro code  0x00004b34    0x1e  cmain.o [5]
  .text            ro code  0x00004b52     0x4  low_level_init.o [3]
  .text            ro code  0x00004b56     0x4  exit.o [3]
  .rodata          const    0x00004b5a     0x2  os_dbg.o [1]
  .text            ro code  0x00004b5c     0xa  cexit.o [5]
  .rodata          const    0x00004b66     0x2  os_dbg.o [1]
  .text            ro code  0x00004b68    0x14  exit.o [6]
  .rodata          const    0x00004b7c    0x18  os_tmr.o [1]
  .rodata          const    0x00004b94    0x14  os_core.o [1]
  .rodata          const    0x00004ba8    0x14  os_tick.o [1]
  .rodata          const    0x00004bbc    0x10  app.o [1]
  .rodata          const    0x00004bcc    0x10  app.o [1]
  .rodata          const    0x00004bdc    0x10  app.o [1]
  .rodata          const    0x00004bec     0xc  app.o [1]
  .rodata          const    0x00004bf8     0xc  app.o [1]
  .rodata          const    0x00004c04     0xc  app.o [1]
  .rodata          const    0x00004c10     0xc  os_core.o [1]
  .rodata          const    0x00004c1c     0xc  sysctl.o [1]
  .rodata          const    0x00004c28     0xc  sysctl.o [1]
  .text            ro code  0x00004c34     0xc  app_vect.o [1]
  .text            ro code  0x00004c40     0xc  cstartup_M.o [5]
  .rodata          const    0x00004c4c     0x8  bsp_display.o [1]
  .rodata          const    0x00004c54     0x8  bsp_display.o [1]
  .rodata          const    0x00004c5c     0x8  os_core.o [1]
  .rodata          const    0x00004c64     0x8  os_task.o [1]
  .rodata          const    0x00004c6c     0x4  heap.o [1]
  .rodata          const    0x00004c70     0x4  os_cfg_app.o [1]
  .rodata          const    0x00004c74     0x4  os_cfg_app.o [1]
  .rodata          const    0x00004c78     0x4  os_cfg_app.o [1]
  .rodata          const    0x00004c7c     0x4  os_cfg_app.o [1]
  .rodata          const    0x00004c80     0x4  os_cfg_app.o [1]
  .rodata          const    0x00004c84     0x4  os_cfg_app.o [1]
  .rodata          const    0x00004c88     0x4  os_cfg_app.o [1]
  .rodata          const    0x00004c8c     0x4  os_cfg_app.o [1]
  .rodata          const    0x00004c90     0x4  os_cfg_app.o [1]
  .rodata          const    0x00004c94     0x4  os_cfg_app.o [1]
  .rodata          const    0x00004c98     0x4  os_cfg_app.o [1]
  .rodata          const    0x00004c9c     0x4  os_cfg_app.o [1]
  .rodata          const    0x00004ca0     0x4  os_cfg_app.o [1]
  .rodata          const    0x00004ca4     0x4  os_cfg_app.o [1]
  .rodata          const    0x00004ca8     0x4  os_cfg_app.o [1]
  .rodata          const    0x00004cac     0x4  os_cfg_app.o [1]
  .rodata          const    0x00004cb0     0x4  os_cfg_app.o [1]
  .rodata          const    0x00004cb4     0x4  os_cfg_app.o [1]
  .rodata          const    0x00004cb8     0x4  os_cfg_app.o [1]
  .rodata          const    0x00004cbc     0x4  os_cfg_app.o [1]
  .rodata          const    0x00004cc0     0x4  os_cfg_app.o [1]
  .rodata          const    0x00004cc4     0x4  os_cfg_app.o [1]
  .rodata          const    0x00004cc8     0x4  os_cfg_app.o [1]
  .rodata          const    0x00004ccc     0x4  os_dbg.o [1]
  .rodata          const    0x00004cd0     0x4  os_dbg.o [1]
  .rodata          const    0x00004cd4     0x4  os_dbg.o [1]
  .rodata          const    0x00004cd8     0x2  os_dbg.o [1]
  .rodata          const    0x00004cda     0x2  os_dbg.o [1]
  .rodata          const    0x00004cdc     0x2  os_dbg.o [1]
  .rodata          const    0x00004cde     0x2  os_dbg.o [1]
  .rodata          const    0x00004ce0     0x2  os_dbg.o [1]
  .rodata          const    0x00004ce2     0x2  os_dbg.o [1]
  .rodata          const    0x00004ce4     0x2  os_dbg.o [1]
  .rodata          const    0x00004ce6     0x2  os_dbg.o [1]
  .rodata          const    0x00004ce8     0x2  os_dbg.o [1]
  .rodata          const    0x00004cea     0x2  os_dbg.o [1]
  .rodata          const    0x00004cec     0x2  os_dbg.o [1]
  .rodata          const    0x00004cee     0x2  os_dbg.o [1]
  .rodata          const    0x00004cf0     0x2  os_dbg.o [1]
  .rodata          const    0x00004cf2     0x2  os_dbg.o [1]
  .rodata          const    0x00004cf4     0x1  os_cfg_app.o [1]
  .rodata          const    0x00004cf5     0x1  os_cfg_app.o [1]
  .rodata          const    0x00004cf6     0x1  os_dbg.o [1]
  .rodata          const    0x00004cf7     0x1  os_dbg.o [1]
  .rodata          const    0x00004cf8     0x1  os_dbg.o [1]
  .rodata          const    0x00004cf9     0x1  os_dbg.o [1]
  .rodata          const    0x00004cfa     0x1  os_dbg.o [1]
  .rodata          const    0x00004cfb     0x1  os_dbg.o [1]
  .rodata          const    0x00004cfc     0x1  os_dbg.o [1]
  .rodata          const    0x00004cfd     0x1  os_dbg.o [1]
  .rodata          const    0x00004cfe     0x1  os_dbg.o [1]
  .rodata          const    0x00004cff     0x1  os_dbg.o [1]
  .rodata          const    0x00004d00     0x1  os_dbg.o [1]
  .rodata          const    0x00004d01     0x1  os_dbg.o [1]
  .rodata          const    0x00004d02     0x1  os_dbg.o [1]
  .rodata          const    0x00004d03     0x1  os_dbg.o [1]
  .rodata          const    0x00004d04     0x1  os_dbg.o [1]
  .rodata          const    0x00004d05     0x1  os_dbg.o [1]
  .rodata          const    0x00004d06     0x1  os_dbg.o [1]
  .rodata          const    0x00004d07     0x1  os_dbg.o [1]
  .rodata          const    0x00004d08     0x1  os_dbg.o [1]
  .rodata          const    0x00004d09     0x1  os_dbg.o [1]
  .rodata          const    0x00004d0a     0x1  os_dbg.o [1]
  .rodata          const    0x00004d0b     0x1  os_dbg.o [1]
  .rodata          const    0x00004d0c     0x1  os_dbg.o [1]
  .rodata          const    0x00004d0d     0x1  os_dbg.o [1]
  .rodata          const    0x00004d0e     0x1  os_dbg.o [1]
  .rodata          const    0x00004d0f     0x1  os_dbg.o [1]
  .rodata          const    0x00004d10     0x1  os_dbg.o [1]
  .rodata          const    0x00004d11     0x1  os_dbg.o [1]
  .rodata          const    0x00004d12     0x1  os_dbg.o [1]
  .rodata          const    0x00004d13     0x1  os_dbg.o [1]
  .rodata          const    0x00004d14     0x1  os_dbg.o [1]
  .rodata          const    0x00004d15     0x1  os_dbg.o [1]
  .rodata          const    0x00004d16     0x1  os_dbg.o [1]
  .rodata          const    0x00004d17     0x1  os_dbg.o [1]
  .rodata          const    0x00004d18     0x1  os_dbg.o [1]
  .rodata          const    0x00004d19     0x0  zero_init3.o [5]
                          - 0x00004d19  0x4bfd

"P7", part 1 of 2:                      0x37ec
  .bss             zero     0x20000000   0xfa0  os_tick.o [1]
  .bss             zero     0x20000fa0   0x640  os_cfg_app.o [1]
  .bss             zero     0x200015e0   0x4b0  os_tick.o [1]
  .bss             zero     0x20001a90   0x200  app.o [1]
  .bss             zero     0x20001c90   0x200  app.o [1]
  .bss             zero     0x20001e90   0x200  app.o [1]
  .bss             zero     0x20002090   0x200  app.o [1]
  .bss             zero     0x20002290   0x200  app.o [1]
  .bss             zero     0x20002490   0x200  app.o [1]
  .bss             zero     0x20002690   0x200  os_cfg_app.o [1]
  .bss             zero     0x20002890   0x200  os_cfg_app.o [1]
  .bss             zero     0x20002a90   0x200  os_cfg_app.o [1]
  .bss             zero     0x20002c90   0x200  os_cfg_app.o [1]
  .bss             zero     0x20002e90   0x118  bsp_int.o [1]
  .bss             zero     0x20002fa8    0xf0  os_var.o [1]
  .bss             zero     0x20003098    0x9c  app.o [1]
  .bss             zero     0x20003134    0x9c  app.o [1]
  .bss             zero     0x200031d0    0x9c  app.o [1]
  .bss             zero     0x2000326c    0x9c  app.o [1]
  .bss             zero     0x20003308    0x9c  app.o [1]
  .bss             zero     0x200033a4    0x9c  app.o [1]
  .bss             zero     0x20003440    0x9c  os_var.o [1]
  .bss             zero     0x200034dc    0x9c  os_var.o [1]
  .bss             zero     0x20003578    0x9c  os_var.o [1]
  .bss             zero     0x20003614    0x68  os_cfg_app.o [1]
  .bss             zero     0x2000367c    0x68  os_cfg_app.o [1]
  .bss             zero     0x200036e4    0x3c  os_task.o [1]
  .bss             zero     0x20003720    0x1c  os_task.o [1]
  .bss             zero     0x2000373c    0x10  cpu_core.o [1]
  .bss             zero     0x2000374c     0x8  os_core.o [1]
  .bss             zero     0x20003754     0x8  os_var.o [1]
  .bss             zero     0x2000375c     0x4  bsp.o [1]
  .bss             zero     0x20003760     0x4  bsp_display.o [1]
  .bss             zero     0x20003764     0x4  cpu_core.o [1]
  .bss             zero     0x20003768     0x4  cpu_core.o [1]
  .bss             zero     0x2000376c     0x4  cpu_core.o [1]
  .bss             zero     0x20003770     0x4  cpu_core.o [1]
  .bss             zero     0x20003774     0x4  cpu_core.o [1]
  .bss             zero     0x20003778     0x4  cpu_core.o [1]
  .bss             zero     0x2000377c     0x4  os_cpu_c.o [1]
  .bss             zero     0x20003780     0x4  os_prio.o [1]
  .bss             zero     0x20003784     0x4  os_var.o [1]
  .bss             zero     0x20003788     0x4  os_var.o [1]
  .bss             zero     0x2000378c     0x4  os_var.o [1]
  .bss             zero     0x20003790     0x4  os_var.o [1]
  .bss             zero     0x20003794     0x4  os_var.o [1]
  .bss             zero     0x20003798     0x4  os_var.o [1]
  .bss             zero     0x2000379c     0x4  os_var.o [1]
  .bss             zero     0x200037a0     0x4  os_var.o [1]
  .bss             zero     0x200037a4     0x4  os_var.o [1]
  .bss             zero     0x200037a8     0x4  os_var.o [1]
  .bss             zero     0x200037ac     0x4  os_var.o [1]
  .bss             zero     0x200037b0     0x4  os_var.o [1]
  .bss             zero     0x200037b4     0x4  os_var.o [1]
  .bss             zero     0x200037b8     0x4  os_var.o [1]
  .bss             zero     0x200037bc     0x4  os_var.o [1]
  .bss             zero     0x200037c0     0x4  os_var.o [1]
  .bss             zero     0x200037c4     0x4  os_var.o [1]
  .bss             zero     0x200037c8     0x4  os_var.o [1]
  .bss             zero     0x200037cc     0x4  os_var.o [1]
  .bss             zero     0x200037d0     0x2  cpu_core.o [1]
  .bss             zero     0x200037d2     0x2  cpu_core.o [1]
  .bss             zero     0x200037d4     0x2  os_tick.o [1]
  .bss             zero     0x200037d6     0x2  os_tick.o [1]
  .bss             zero     0x200037d8     0x2  os_var.o [1]
  .bss             zero     0x200037da     0x2  os_var.o [1]
  .bss             zero     0x200037dc     0x2  os_var.o [1]
  .bss             zero     0x200037de     0x2  os_var.o [1]
  .bss             zero     0x200037e0     0x1  app.o [1]
  .bss             zero     0x200037e1     0x1  app.o [1]
  .bss             zero     0x200037e2     0x1  app.o [1]
  .bss             zero     0x200037e3     0x1  app.o [1]
  .bss             zero     0x200037e4     0x1  app.o [1]
  .bss             zero     0x200037e5     0x1  os_var.o [1]
  .bss             zero     0x200037e6     0x1  os_var.o [1]
  .bss             zero     0x200037e7     0x1  os_var.o [1]
  .bss             zero     0x200037e8     0x1  os_var.o [1]
  .bss             zero     0x200037e9     0x1  os_var.o [1]
  .bss             zero     0x200037ea     0x1  os_var.o [1]
                          - 0x200037eb  0x37eb

"P7", part 2 of 2:                       0x400
  CSTACK                    0x200037f0   0x400  <Block>
    CSTACK         uninit   0x200037f0   0x400  <Block tail>
                          - 0x20003bf0   0x400


*******************************************************************************
*** INIT TABLE
***

          Address     Size
          -------     ----
Zero (__iar_zero_init3)
    1 destination range, total size 0x37eb:
          0x20000000  0x37eb



*******************************************************************************
*** MODULE SUMMARY
***

    Module            ro code  ro data  rw data
    ------            -------  -------  -------
C:\Users\nickm\OneDrive\Documents\NTU\Year 3\Semester 2\CE4053 Embedded OS\Lab (Free Access)\Repository\ce4053\Micrium Phase 1\Software\EvalBoards\TI\LM3S9B92-EVALBOT\IAR\uCOS-III-CE4053_PG\Flash\Obj: [1]
    app.o               1 248       84    4 013
    app_vect.o             12      284
    avltree.o           2 008
    bsp.o                 168                 4
    bsp_display.o         616       96        4
    bsp_int.o             598               280
    bsp_io.o              196
    bsp_motor.o           508
    bsp_sensors.o         340
    cpu_a.o                42
    cpu_bsp.o              40
    cpu_c.o               328
    cpu_core.o            408                44
    gpio.o                872       72
    heap.o                236        4
    i2c.o                 198
    lib_mem.o              96
    os_cfg_app.o          172      100    3 856
    os_core.o           2 658       40        8
    os_cpu_a.o            132
    os_cpu_c.o            348                 4
    os_dbg.o              392      345
    os_flag.o              28
    os_msg.o              208
    os_mutex.o             28
    os_prio.o             148                 4
    os_q.o                 28
    os_task.o           2 324        8       88
    os_tick.o           1 568       20    5 204
    os_time.o             100
    os_tmr.o              752       24
    os_var.o                                806
    pwm.o                 242
    sysctl.o            1 112      116
    -------------------------------------------
    Total:             18 154    1 193   14 315

command line: [2]
    -------------------------------------------
    Total:

dl7M_tlf.a: [3]
    exit.o                  4
    low_level_init.o        4
    -------------------------------------------
    Total:                  8

m7M_tl.a: [4]
    -------------------------------------------
    Total:

rt7M_tl.a: [5]
    ABImemclr4.o            6
    ABImemcpy.o           134
    ABImemset48.o          50
    cexit.o                10
    cmain.o                30
    cstartup_M.o           12
    data_init.o            40
    zero_init3.o           64
    -------------------------------------------
    Total:                346

shb_l.a: [6]
    exit.o                 20
    -------------------------------------------
    Total:                 20

    Linker created                  16    1 024
-----------------------------------------------
    Grand Total:       18 528    1 209   15 339


*******************************************************************************
*** ENTRY LIST
***

Entry                      Address   Size  Type      Object
-----                      -------   ----  ----      ------
.iar.init_table$$Base   0x00004b04          --   Gb  - Linker created -
.iar.init_table$$Limit  0x00004b14          --   Gb  - Linker created -
?main                   0x00004b35         Code  Gb  cmain.o [5]
AppRobotMotorDriveSensorEnable
                        0x0000469f   0x20  Code  Lc  app.o [1]
AppTaskStart            0x00004441  0x168  Code  Lc  app.o [1]
AppTaskStartStk         0x20001a90  0x200  Data  Lc  app.o [1]
AppTaskStartTCB         0x20003098   0x9c  Data  Lc  app.o [1]
App_BusFault_ISR        0x00004c39    0x2  Code  Lc  app_vect.o [1]
App_Fault_ISR           0x00004c37    0x2  Code  Lc  app_vect.o [1]
App_MemFault_ISR        0x00004c3d    0x2  Code  Lc  app_vect.o [1]
App_NMI_ISR             0x00004c35    0x2  Code  Lc  app_vect.o [1]
App_Spurious_ISR        0x00004c3f    0x2  Code  Lc  app_vect.o [1]
App_UsageFault_ISR      0x00004c3b    0x2  Code  Lc  app_vect.o [1]
BSP_BumpSensorsInit     0x00003a2d   0x18  Code  Gb  bsp_sensors.o [1]
BSP_CPUClkFreq          0x00002fd9   0x12  Code  Gb  bsp.o [1]
BSP_CPU_ClkFreq_MHz     0x2000375c    0x4  Data  Gb  bsp.o [1]
BSP_DisplayClear        0x000037db   0x4c  Code  Gb  bsp_display.o [1]
BSP_DisplayInit         0x00003863   0xd6  Code  Gb  bsp_display.o [1]
BSP_DisplayOn           0x00003827   0x3c  Code  Gb  bsp_display.o [1]
BSP_DisplayWriteArray   0x0000375d   0x3e  Code  Lc  bsp_display.o [1]
BSP_DisplayWriteByte    0x00003729   0x34  Code  Lc  bsp_display.o [1]
BSP_DisplayWriteFinal   0x0000379b   0x40  Code  Lc  bsp_display.o [1]
BSP_DisplayWriteFirst   0x00003701   0x28  Code  Lc  bsp_display.o [1]
BSP_Init                0x00002f75   0x64  Code  Gb  bsp.o [1]
BSP_IntDisAll           0x000034a9    0x8  Code  Gb  bsp_int.o [1]
BSP_IntEn               0x000034b1   0x10  Code  Gb  bsp_int.o [1]
BSP_IntHandler          0x000036d7   0x20  Code  Lc  bsp_int.o [1]
BSP_IntHandlerADC0      0x0000355b    0xa  Code  Gb  bsp_int.o [1]
BSP_IntHandlerADC1      0x00003565    0xa  Code  Gb  bsp_int.o [1]
BSP_IntHandlerADC1_0    0x00003691    0xa  Code  Gb  bsp_int.o [1]
BSP_IntHandlerADC1_1    0x0000369b    0xa  Code  Gb  bsp_int.o [1]
BSP_IntHandlerADC1_2    0x000036a5    0xa  Code  Gb  bsp_int.o [1]
BSP_IntHandlerADC1_3    0x000036af    0xa  Code  Gb  bsp_int.o [1]
BSP_IntHandlerADC2      0x0000356f    0xa  Code  Gb  bsp_int.o [1]
BSP_IntHandlerADC3      0x00003579    0xa  Code  Gb  bsp_int.o [1]
BSP_IntHandlerCAN0      0x0000364b    0xa  Code  Gb  bsp_int.o [1]
BSP_IntHandlerCAN1      0x00003655    0xa  Code  Gb  bsp_int.o [1]
BSP_IntHandlerCOMP0     0x000035c9    0xa  Code  Gb  bsp_int.o [1]
BSP_IntHandlerCOMP1     0x000035d3    0xa  Code  Gb  bsp_int.o [1]
BSP_IntHandlerCOMP2     0x000035dd    0xa  Code  Gb  bsp_int.o [1]
BSP_IntHandlerDummy     0x000036fd    0x2  Code  Lc  bsp_int.o [1]
BSP_IntHandlerEPI       0x000036c3    0xa  Code  Gb  bsp_int.o [1]
BSP_IntHandlerETH       0x0000365f    0xa  Code  Gb  bsp_int.o [1]
BSP_IntHandlerFLASH     0x000035f1    0xa  Code  Gb  bsp_int.o [1]
BSP_IntHandlerGPIOA     0x00003501    0xa  Code  Gb  bsp_int.o [1]
BSP_IntHandlerGPIOB     0x0000350b    0xa  Code  Gb  bsp_int.o [1]
BSP_IntHandlerGPIOC     0x00003515    0xa  Code  Gb  bsp_int.o [1]
BSP_IntHandlerGPIOD     0x0000351f    0xa  Code  Gb  bsp_int.o [1]
BSP_IntHandlerGPIOE     0x00003529    0xa  Code  Gb  bsp_int.o [1]
BSP_IntHandlerGPIOF     0x000035fb    0xa  Code  Gb  bsp_int.o [1]
BSP_IntHandlerGPIOG     0x00003605    0xa  Code  Gb  bsp_int.o [1]
BSP_IntHandlerGPIOH     0x0000360f    0xa  Code  Gb  bsp_int.o [1]
BSP_IntHandlerGPIOJ     0x000036cd    0xa  Code  Gb  bsp_int.o [1]
BSP_IntHandlerHIBERNATE
                        0x00003669    0xa  Code  Gb  bsp_int.o [1]
BSP_IntHandlerI2C0      0x00003551    0xa  Code  Gb  bsp_int.o [1]
BSP_IntHandlerI2C1      0x00003641    0xa  Code  Gb  bsp_int.o [1]
BSP_IntHandlerI2S0      0x000036b9    0xa  Code  Gb  bsp_int.o [1]
BSP_IntHandlerSSI0      0x00003547    0xa  Code  Gb  bsp_int.o [1]
BSP_IntHandlerSSI1      0x00003623    0xa  Code  Gb  bsp_int.o [1]
BSP_IntHandlerSYSCTL    0x000035e7    0xa  Code  Gb  bsp_int.o [1]
BSP_IntHandlerTIMER0A   0x0000358d    0xa  Code  Gb  bsp_int.o [1]
BSP_IntHandlerTIMER0B   0x00003597    0xa  Code  Gb  bsp_int.o [1]
BSP_IntHandlerTIMER1A   0x000035a1    0xa  Code  Gb  bsp_int.o [1]
BSP_IntHandlerTIMER1B   0x000035ab    0xa  Code  Gb  bsp_int.o [1]
BSP_IntHandlerTIMER2A   0x000035b5    0xa  Code  Gb  bsp_int.o [1]
BSP_IntHandlerTIMER2B   0x000035bf    0xa  Code  Gb  bsp_int.o [1]
BSP_IntHandlerTIMER3A   0x0000362d    0xa  Code  Gb  bsp_int.o [1]
BSP_IntHandlerTIMER3B   0x00003637    0xa  Code  Gb  bsp_int.o [1]
BSP_IntHandlerUART0     0x00003533    0xa  Code  Gb  bsp_int.o [1]
BSP_IntHandlerUART1     0x0000353d    0xa  Code  Gb  bsp_int.o [1]
BSP_IntHandlerUART2     0x00003619    0xa  Code  Gb  bsp_int.o [1]
BSP_IntHandlerUDMA_ERR  0x00003687    0xa  Code  Gb  bsp_int.o [1]
BSP_IntHandlerUDMA_SW   0x0000367d    0xa  Code  Gb  bsp_int.o [1]
BSP_IntHandlerUSB       0x00003673    0xa  Code  Gb  bsp_int.o [1]
BSP_IntHandlerWATCHDOG  0x00003583    0xa  Code  Gb  bsp_int.o [1]
BSP_IntInit             0x000034e9   0x18  Code  Gb  bsp_int.o [1]
BSP_IntVectSet          0x000034c1   0x28  Code  Gb  bsp_int.o [1]
BSP_IntVectTbl          0x20002e90  0x118  Data  Lc  bsp_int.o [1]
BSP_LED_Off             0x00003993   0x36  Code  Gb  bsp_io.o [1]
BSP_LED_Toggle          0x000039c9   0x5a  Code  Gb  bsp_io.o [1]
BSP_LEDsInit            0x00003981   0x12  Code  Gb  bsp_io.o [1]
BSP_MotorDir            0x00003c5d   0x44  Code  Gb  bsp_motor.o [1]
BSP_MotorRun            0x00003ca1   0x1c  Code  Gb  bsp_motor.o [1]
BSP_MotorSpeed          0x00003ced   0x7a  Code  Gb  bsp_motor.o [1]
BSP_MotorStop           0x00003cbd   0x30  Code  Gb  bsp_motor.o [1]
BSP_MotorsInit          0x00003b81   0xdc  Code  Gb  bsp_motor.o [1]
BSP_PushButtonsInit     0x00003969   0x18  Code  Gb  bsp_io.o [1]
BSP_WheelSensorEnable   0x00003ae7    0xe  Code  Gb  bsp_sensors.o [1]
BSP_WheelSensorIntEnable
                        0x00003af5   0x7e  Code  Gb  bsp_sensors.o [1]
BSP_WheelSensorsInit    0x00003a45   0xa2  Code  Gb  bsp_sensors.o [1]
CPU_CntLeadZeros        0x00002bc7         Code  Gb  cpu_a.o [1]
CPU_Init                0x00002bdd   0x10  Code  Gb  cpu_core.o [1]
CPU_IntDis              0x00002bb1         Code  Gb  cpu_a.o [1]
CPU_IntDisMeasCtr       0x200037d0    0x2  Data  Gb  cpu_core.o [1]
CPU_IntDisMeasInit      0x00002cc7   0x76  Code  Lc  cpu_core.o [1]
CPU_IntDisMeasMaxCalc   0x00002d3d   0x14  Code  Lc  cpu_core.o [1]
CPU_IntDisMeasMaxCurGet
                        0x00002c31   0x18  Code  Gb  cpu_core.o [1]
CPU_IntDisMeasMaxCurReset
                        0x00002c15   0x1c  Code  Gb  cpu_core.o [1]
CPU_IntDisMeasMaxCur_cnts
                        0x20003774    0x4  Data  Gb  cpu_core.o [1]
CPU_IntDisMeasMax_cnts  0x20003778    0x4  Data  Gb  cpu_core.o [1]
CPU_IntDisMeasOvrhd_cnts
                        0x20003770    0x4  Data  Gb  cpu_core.o [1]
CPU_IntDisMeasStart     0x00002c49   0x28  Code  Gb  cpu_core.o [1]
CPU_IntDisMeasStart_cnts
                        0x20003768    0x4  Data  Gb  cpu_core.o [1]
CPU_IntDisMeasStop      0x00002c71   0x40  Code  Gb  cpu_core.o [1]
CPU_IntDisMeasStop_cnts
                        0x2000376c    0x4  Data  Gb  cpu_core.o [1]
CPU_IntDisNestCtr       0x200037d2    0x2  Data  Gb  cpu_core.o [1]
CPU_IntEn               0x00002bb5         Code  Gb  cpu_a.o [1]
CPU_IntSrcEn            0x00003d7d  0x136  Code  Gb  cpu_c.o [1]
CPU_Name                0x2000373c   0x10  Data  Gb  cpu_core.o [1]
CPU_NameClr             0x00002bed   0x22  Code  Gb  cpu_core.o [1]
CPU_NameInit            0x00002cb1    0x8  Code  Lc  cpu_core.o [1]
CPU_RevBits             0x00002bcd         Code  Gb  cpu_a.o [1]
CPU_SR_Restore          0x00002bc1         Code  Gb  cpu_a.o [1]
CPU_SR_Save             0x00002bb9         Code  Gb  cpu_a.o [1]
CPU_TS_Init             0x00002cb9    0xe  Code  Lc  cpu_core.o [1]
CPU_TS_TmrFreqSet       0x00002c0f    0x6  Code  Gb  cpu_core.o [1]
CPU_TS_TmrFreq_Hz       0x20003764    0x4  Data  Gb  cpu_core.o [1]
CPU_TS_TmrInit          0x00002df9   0x18  Code  Gb  cpu_bsp.o [1]
CPU_TS_TmrRd            0x00002e11    0x6  Code  Gb  cpu_bsp.o [1]
CPU_WaitForExcept       0x00002bd7         Code  Gb  cpu_a.o [1]
CPU_WaitForInt          0x00002bd3         Code  Gb  cpu_a.o [1]
CSTACK$$Base            0x200037f0          --   Gb  - Linker created -
CSTACK$$Limit           0x20003bf0          --   Gb  - Linker created -
GPIODirModeSet          0x00003f8d   0x52  Code  Gb  gpio.o [1]
GPIOIntTypeSet          0x00003fdf   0x78  Code  Gb  gpio.o [1]
GPIOPadConfigSet        0x00004057  0x15c  Code  Gb  gpio.o [1]
GPIOPinConfigure        0x000042a5   0x46  Code  Gb  gpio.o [1]
GPIOPinIntClear         0x000041f3    0xc  Code  Gb  gpio.o [1]
GPIOPinIntDisable       0x000041c7   0x14  Code  Gb  gpio.o [1]
GPIOPinIntEnable        0x000041b3   0x14  Code  Gb  gpio.o [1]
GPIOPinIntStatus        0x000041db   0x18  Code  Gb  gpio.o [1]
GPIOPinRead             0x000041ff    0xa  Code  Gb  gpio.o [1]
GPIOPinTypeGPIOInput    0x0000421d   0x22  Code  Gb  gpio.o [1]
GPIOPinTypeGPIOOutput   0x0000423f   0x22  Code  Gb  gpio.o [1]
GPIOPinTypeI2C          0x00004261   0x22  Code  Gb  gpio.o [1]
GPIOPinTypePWM          0x00004283   0x22  Code  Gb  gpio.o [1]
GPIOPinWrite            0x00004209   0x14  Code  Gb  gpio.o [1]
I2CMasterControl        0x00003f59    0x6  Code  Gb  i2c.o [1]
I2CMasterDataPut        0x00003f7f    0xc  Code  Gb  i2c.o [1]
I2CMasterEnable         0x00003efd   0x12  Code  Gb  i2c.o [1]
I2CMasterErr            0x00003f5f   0x20  Code  Gb  i2c.o [1]
I2CMasterInitExpClk     0x00003ec5   0x38  Code  Gb  i2c.o [1]
I2CMasterIntStatus      0x00003f0f   0x2c  Code  Gb  i2c.o [1]
I2CMasterSlaveAddrSet   0x00003f45   0x14  Code  Gb  i2c.o [1]
IntWheelSensor          0x000046c1   0xd2  Code  Gb  app.o [1]
IntWheelSensor::CountL  0x200037e2    0x1  Data  Lc  app.o [1]
IntWheelSensor::CountR  0x200037e3    0x1  Data  Lc  app.o [1]
IntWheelSensor::data    0x200037e4    0x1  Data  Lc  app.o [1]
LEDBlink                0x000045a9   0x38  Code  Lc  app.o [1]
LEDBlinkStk             0x20001c90  0x200  Data  Lc  app.o [1]
LEDBlinkTCB             0x20003134   0x9c  Data  Lc  app.o [1]
Left_tgt                0x200037e0    0x1  Data  Gb  app.o [1]
Mem_Clr                 0x00002f15    0xc  Code  Gb  lib_mem.o [1]
Mem_Set                 0x00002f21   0x54  Code  Gb  lib_mem.o [1]
OSCfg_DataSizeRAM       0x00004cc8    0x4  Data  Gb  os_cfg_app.o [1]
OSCfg_ISRStk            0x20002890  0x200  Data  Gb  os_cfg_app.o [1]
OSCfg_ISRStkBasePtr     0x00004c80    0x4  Data  Gb  os_cfg_app.o [1]
OSCfg_ISRStkSize        0x00004c84    0x4  Data  Gb  os_cfg_app.o [1]
OSCfg_ISRStkSizeRAM     0x00004c88    0x4  Data  Gb  os_cfg_app.o [1]
OSCfg_IdleTaskStk       0x20002690  0x200  Data  Gb  os_cfg_app.o [1]
OSCfg_IdleTaskStkBasePtr
                        0x00004c70    0x4  Data  Gb  os_cfg_app.o [1]
OSCfg_IdleTaskStkLimit  0x00004c74    0x4  Data  Gb  os_cfg_app.o [1]
OSCfg_IdleTaskStkSize   0x00004c78    0x4  Data  Gb  os_cfg_app.o [1]
OSCfg_IdleTaskStkSizeRAM
                        0x00004c7c    0x4  Data  Gb  os_cfg_app.o [1]
OSCfg_Init              0x00002b05   0xac  Code  Gb  os_cfg_app.o [1]
OSCfg_MsgPool           0x20000fa0  0x640  Data  Gb  os_cfg_app.o [1]
OSCfg_MsgPoolBasePtr    0x00004c90    0x4  Data  Gb  os_cfg_app.o [1]
OSCfg_MsgPoolSize       0x00000b7e    0x2  Data  Gb  os_cfg_app.o [1]
OSCfg_MsgPoolSizeRAM    0x00004c8c    0x4  Data  Gb  os_cfg_app.o [1]
OSCfg_StkSizeMin        0x00004c94    0x4  Data  Gb  os_cfg_app.o [1]
OSCfg_TickRate_Hz       0x00004c98    0x4  Data  Gb  os_cfg_app.o [1]
OSCfg_TickTaskPrio      0x00004cf4    0x1  Data  Gb  os_cfg_app.o [1]
OSCfg_TickTaskStk       0x20002a90  0x200  Data  Gb  os_cfg_app.o [1]
OSCfg_TickTaskStkBasePtr
                        0x00004c9c    0x4  Data  Gb  os_cfg_app.o [1]
OSCfg_TickTaskStkLimit  0x00004ca0    0x4  Data  Gb  os_cfg_app.o [1]
OSCfg_TickTaskStkSize   0x00004ca4    0x4  Data  Gb  os_cfg_app.o [1]
OSCfg_TickTaskStkSizeRAM
                        0x00004ca8    0x4  Data  Gb  os_cfg_app.o [1]
OSCfg_TickWheel         0x20003614   0x68  Data  Gb  os_cfg_app.o [1]
OSCfg_TickWheelSize     0x00002bda    0x2  Data  Gb  os_cfg_app.o [1]
OSCfg_TickWheelSizeRAM  0x00004cac    0x4  Data  Gb  os_cfg_app.o [1]
OSCfg_TmrTaskPrio       0x00004cf5    0x1  Data  Gb  os_cfg_app.o [1]
OSCfg_TmrTaskRate_Hz    0x00004cb0    0x4  Data  Gb  os_cfg_app.o [1]
OSCfg_TmrTaskStk        0x20002c90  0x200  Data  Gb  os_cfg_app.o [1]
OSCfg_TmrTaskStkBasePtr
                        0x00004cb4    0x4  Data  Gb  os_cfg_app.o [1]
OSCfg_TmrTaskStkLimit   0x00004cb8    0x4  Data  Gb  os_cfg_app.o [1]
OSCfg_TmrTaskStkSize    0x00004cbc    0x4  Data  Gb  os_cfg_app.o [1]
OSCfg_TmrTaskStkSizeRAM
                        0x00004cc0    0x4  Data  Gb  os_cfg_app.o [1]
OSCfg_TmrWheel          0x2000367c   0x68  Data  Gb  os_cfg_app.o [1]
OSCfg_TmrWheelSize      0x00002e26    0x2  Data  Gb  os_cfg_app.o [1]
OSCfg_TmrWheelSizeRAM   0x00004cc4    0x4  Data  Gb  os_cfg_app.o [1]
OSDbg_AppHooksEn        0x00004cf7    0x1  Data  Gb  os_dbg.o [1]
OSDbg_ArgChkEn          0x00004cf6    0x1  Data  Gb  os_dbg.o [1]
OSDbg_CalledFromISRChkEn
                        0x00004cf8    0x1  Data  Gb  os_dbg.o [1]
OSDbg_DataSize          0x00004cd4    0x4  Data  Gb  os_dbg.o [1]
OSDbg_DbgEn             0x00002eae    0x2  Data  Gb  os_dbg.o [1]
OSDbg_EndiannessTest    0x00004ccc    0x4  Data  Gb  os_dbg.o [1]
OSDbg_FlagDelEn         0x00004cfa    0x1  Data  Gb  os_dbg.o [1]
OSDbg_FlagEn            0x00004cf9    0x1  Data  Gb  os_dbg.o [1]
OSDbg_FlagGrp           0x00004a8c   0x28  Data  Gb  os_dbg.o [1]
OSDbg_FlagGrpSize       0x0000304e    0x2  Data  Gb  os_dbg.o [1]
OSDbg_FlagModeClrEn     0x00004cfb    0x1  Data  Gb  os_dbg.o [1]
OSDbg_FlagPendAbortEn   0x00004cfc    0x1  Data  Gb  os_dbg.o [1]
OSDbg_FlagWidth         0x000036fe    0x2  Data  Gb  os_dbg.o [1]
OSDbg_ISRPostDeferredEn
                        0x00004cfd    0x1  Data  Gb  os_dbg.o [1]
OSDbg_Mem               0x00004b14   0x20  Data  Gb  os_dbg.o [1]
OSDbg_MemEn             0x00004cfe    0x1  Data  Gb  os_dbg.o [1]
OSDbg_MsgEn             0x00004cff    0x1  Data  Gb  os_dbg.o [1]
OSDbg_MsgPoolSize       0x000043e6    0x2  Data  Gb  os_dbg.o [1]
OSDbg_MsgQSize          0x00004b5a    0x2  Data  Gb  os_dbg.o [1]
OSDbg_MsgSize           0x00003f8a    0x2  Data  Gb  os_dbg.o [1]
OSDbg_Mutex             0x00004a60   0x2c  Data  Gb  os_dbg.o [1]
OSDbg_MutexDelEn        0x00004d01    0x1  Data  Gb  os_dbg.o [1]
OSDbg_MutexEn           0x00004d00    0x1  Data  Gb  os_dbg.o [1]
OSDbg_MutexPendAbortEn  0x00004d02    0x1  Data  Gb  os_dbg.o [1]
OSDbg_MutexSize         0x00004b66    0x2  Data  Gb  os_dbg.o [1]
OSDbg_ObjTypeChkEn      0x00004d03    0x1  Data  Gb  os_dbg.o [1]
OSDbg_PendDataSize      0x00004cd8    0x2  Data  Gb  os_dbg.o [1]
OSDbg_PendListSize      0x00004cda    0x2  Data  Gb  os_dbg.o [1]
OSDbg_PendMultiEn       0x00004d04    0x1  Data  Gb  os_dbg.o [1]
OSDbg_PendObjSize       0x00004cdc    0x2  Data  Gb  os_dbg.o [1]
OSDbg_PrioMax           0x00004cde    0x2  Data  Gb  os_dbg.o [1]
OSDbg_PrioTblSize       0x00004ce0    0x2  Data  Gb  os_dbg.o [1]
OSDbg_PtrSize           0x00004ce2    0x2  Data  Gb  os_dbg.o [1]
OSDbg_Q                 0x00004a30   0x30  Data  Gb  os_dbg.o [1]
OSDbg_QDelEn            0x00004d06    0x1  Data  Gb  os_dbg.o [1]
OSDbg_QEn               0x00004d05    0x1  Data  Gb  os_dbg.o [1]
OSDbg_QFlushEn          0x00004d07    0x1  Data  Gb  os_dbg.o [1]
OSDbg_QPendAbortEn      0x00004d08    0x1  Data  Gb  os_dbg.o [1]
OSDbg_QSize             0x00004ce4    0x2  Data  Gb  os_dbg.o [1]
OSDbg_RdyList           0x00004ce6    0x2  Data  Gb  os_dbg.o [1]
OSDbg_RdyListSize       0x00004cd0    0x4  Data  Gb  os_dbg.o [1]
OSDbg_SchedRoundRobinEn
                        0x00004d09    0x1  Data  Gb  os_dbg.o [1]
OSDbg_Sem               0x00004ab4   0x28  Data  Gb  os_dbg.o [1]
OSDbg_SemEn             0x00004d0a    0x1  Data  Gb  os_dbg.o [1]
OSDbg_StatTaskEn        0x00004d0c    0x1  Data  Gb  os_dbg.o [1]
OSDbg_StatTaskStkChkEn  0x00004d0d    0x1  Data  Gb  os_dbg.o [1]
OSDbg_StkWidth          0x00004d0b    0x1  Data  Gb  os_dbg.o [1]
OSDbg_TCBSize           0x00004cea    0x2  Data  Gb  os_dbg.o [1]
OSDbg_TaskChangePrioEn  0x00004d0e    0x1  Data  Gb  os_dbg.o [1]
OSDbg_TaskDelEn         0x00004d0f    0x1  Data  Gb  os_dbg.o [1]
OSDbg_TaskProfileEn     0x00004d12    0x1  Data  Gb  os_dbg.o [1]
OSDbg_TaskQEn           0x00004d10    0x1  Data  Gb  os_dbg.o [1]
OSDbg_TaskQPendAbortEn  0x00004d11    0x1  Data  Gb  os_dbg.o [1]
OSDbg_TaskRegTblSize    0x00004ce8    0x2  Data  Gb  os_dbg.o [1]
OSDbg_TaskSemPendAbortEn
                        0x00004d13    0x1  Data  Gb  os_dbg.o [1]
OSDbg_TaskSuspendEn     0x00004d14    0x1  Data  Gb  os_dbg.o [1]
OSDbg_TickSpokeSize     0x00004cec    0x2  Data  Gb  os_dbg.o [1]
OSDbg_TimeDlyHMSMEn     0x00004d15    0x1  Data  Gb  os_dbg.o [1]
OSDbg_TimeDlyResumeEn   0x00004d16    0x1  Data  Gb  os_dbg.o [1]
OSDbg_Tmr               0x000049fc   0x34  Data  Gb  os_dbg.o [1]
OSDbg_TmrDelEn          0x00004d18    0x1  Data  Gb  os_dbg.o [1]
OSDbg_TmrEn             0x00004d17    0x1  Data  Gb  os_dbg.o [1]
OSDbg_TmrSize           0x00004cee    0x2  Data  Gb  os_dbg.o [1]
OSDbg_TmrSpokeSize      0x00004cf0    0x2  Data  Gb  os_dbg.o [1]
OSDbg_VersionNbr        0x00004cf2    0x2  Data  Gb  os_dbg.o [1]
OSFlagDbgListPtr        0x20003788    0x4  Data  Gb  os_var.o [1]
OSFlagQty               0x200037d8    0x2  Data  Gb  os_var.o [1]
OSIdleTaskCtr           0x20003784    0x4  Data  Gb  os_var.o [1]
OSIdleTaskHook          0x00000c6d    0x2  Code  Gb  os_cpu_c.o [1]
OSIdleTaskTCB           0x20003440   0x9c  Data  Gb  os_var.o [1]
OSInit                  0x0000011d  0x100  Code  Gb  os_core.o [1]
OSInitHook              0x00000c6f   0x14  Code  Gb  os_cpu_c.o [1]
OSIntEnter              0x0000021d   0x24  Code  Gb  os_core.o [1]
OSIntExit               0x00000241   0xb0  Code  Gb  os_core.o [1]
OSIntNestingCtr         0x200037e5    0x1  Data  Gb  os_var.o [1]
OSMsgPool               0x20003754    0x8  Data  Gb  os_var.o [1]
OSMutexDbgListPtr       0x2000378c    0x4  Data  Gb  os_var.o [1]
OSMutexQty              0x200037da    0x2  Data  Gb  os_var.o [1]
OSPrioCur               0x200037e7    0x1  Data  Gb  os_var.o [1]
OSPrioHighRdy           0x200037e8    0x1  Data  Gb  os_var.o [1]
OSPrioTbl               0x20003780    0x4  Data  Gb  os_prio.o [1]
OSQDbgListPtr           0x20003790    0x4  Data  Gb  os_var.o [1]
OSQQty                  0x200037dc    0x2  Data  Gb  os_var.o [1]
OSRdyList               0x20002fa8   0xf0  Data  Gb  os_var.o [1]
OSRecTaskCreate         0x00001767  0x1ec  Code  Gb  os_task.o [1]
OSRecTaskDelete         0x00001a55  0x108  Code  Gb  os_task.o [1]
OSRunning               0x200037e6    0x1  Data  Gb  os_var.o [1]
OSSched                 0x000002f1   0xb4  Code  Gb  os_core.o [1]
OSSchedLock             0x000003a5   0x68  Code  Gb  os_core.o [1]
OSSchedLockNestingCtr   0x200037e9    0x1  Data  Gb  os_var.o [1]
OSSchedLockTimeBegin    0x20003794    0x4  Data  Gb  os_var.o [1]
OSSchedLockTimeMax      0x20003798    0x4  Data  Gb  os_var.o [1]
OSSchedLockTimeMaxCur   0x2000379c    0x4  Data  Gb  os_var.o [1]
OSSchedRoundRobinDfltTimeQuanta
                        0x200037a0    0x4  Data  Gb  os_var.o [1]
OSSchedRoundRobinEn     0x200037ea    0x1  Data  Gb  os_var.o [1]
OSSchedUnlock           0x0000040d   0x88  Code  Gb  os_core.o [1]
OSStart                 0x00000495   0x62  Code  Gb  os_core.o [1]
OSStartHighRdy          0x00002d75         Code  Gb  os_cpu_a.o [1]
OSTCBCurPtr             0x200037c8    0x4  Data  Gb  os_var.o [1]
OSTCBHighRdyPtr         0x200037cc    0x4  Data  Gb  os_var.o [1]
OSTaskCreate            0x00001635  0x132  Code  Gb  os_task.o [1]
OSTaskCreateHook        0x00000c83    0x2  Code  Gb  os_cpu_c.o [1]
OSTaskCtxSwCtr          0x200037a4    0x4  Data  Gb  os_var.o [1]
OSTaskDbgListPtr        0x200037a8    0x4  Data  Gb  os_var.o [1]
OSTaskDel               0x00001953  0x102  Code  Gb  os_task.o [1]
OSTaskDelHook           0x00000c85    0x2  Code  Gb  os_cpu_c.o [1]
OSTaskQty               0x200037de    0x2  Data  Gb  os_var.o [1]
OSTaskReturnHook        0x00000c87    0x2  Code  Gb  os_cpu_c.o [1]
OSTaskSemPend           0x00001b5d  0x142  Code  Gb  os_task.o [1]
OSTaskSemPost           0x00001c9f   0x1c  Code  Gb  os_task.o [1]
OSTaskStkInit           0x00000c89   0x7e  Code  Gb  os_cpu_c.o [1]
OSTaskSwHook            0x00000d07   0x3e  Code  Gb  os_cpu_c.o [1]
OSTickCtr               0x200037ac    0x4  Data  Gb  os_var.o [1]
OSTickTaskTCB           0x200034dc   0x9c  Data  Gb  os_var.o [1]
OSTickTaskTimeMax       0x200037b0    0x4  Data  Gb  os_var.o [1]
OSTimeTick              0x00002eb1   0x48  Code  Gb  os_time.o [1]
OSTimeTickHook          0x00000d45    0x2  Code  Gb  os_cpu_c.o [1]
OSTmrDbgListPtr         0x200037b4    0x4  Data  Gb  os_var.o [1]
OSTmrTaskTCB            0x20003578   0x9c  Data  Gb  os_var.o [1]
OSTmrTaskTimeMax        0x200037b8    0x4  Data  Gb  os_var.o [1]
OSTmrTickCtr            0x200037bc    0x4  Data  Gb  os_var.o [1]
OSTmrUpdateCnt          0x200037c0    0x4  Data  Gb  os_var.o [1]
OSTmrUpdateCtr          0x200037c4    0x4  Data  Gb  os_var.o [1]
OS_AVL_TREE             0x2000374c    0x8  Data  Gb  os_core.o [1]
OS_CPU_ExceptStkBase    0x2000377c    0x4  Data  Gb  os_cpu_c.o [1]
OS_CPU_PendSVHandler    0x00002d93         Code  Gb  os_cpu_a.o [1]
OS_CPU_SysTickHandler   0x00000d47   0x2c  Code  Gb  os_cpu_c.o [1]
OS_CPU_SysTickInit      0x00000d73   0x2c  Code  Gb  os_cpu_c.o [1]
OS_Dbg_Init             0x0000297d  0x188  Code  Gb  os_dbg.o [1]
OS_FlagInit             0x00002569   0x12  Code  Gb  os_flag.o [1]
OS_IdleTask             0x000004f7   0x2c  Code  Gb  os_core.o [1]
OS_IdleTaskInit         0x00000523   0x54  Code  Gb  os_core.o [1]
OS_MsgPoolCreate        0x00002585   0x40  Code  Gb  os_msg.o [1]
OS_MsgPoolInit          0x000025c5   0x2c  Code  Gb  os_msg.o [1]
OS_MsgQFreeAll          0x000025f1   0x44  Code  Gb  os_msg.o [1]
OS_MsgQInit             0x00002635   0x14  Code  Gb  os_msg.o [1]
OS_MutexInit            0x00002655   0x12  Code  Gb  os_mutex.o [1]
OS_Pend                 0x00000577   0x6e  Code  Gb  os_core.o [1]
OS_PendDataInit         0x000005e5   0x3a  Code  Gb  os_core.o [1]
OS_PendDbgNameAdd       0x0000061f   0x42  Code  Gb  os_core.o [1]
OS_PendDbgNameRemove    0x00000661   0x1e  Code  Gb  os_core.o [1]
OS_PendListInsertPrio   0x00000685   0x72  Code  Gb  os_core.o [1]
OS_PendListRemove       0x000006f7   0x2e  Code  Gb  os_core.o [1]
OS_PendListRemove1      0x00000725   0x48  Code  Gb  os_core.o [1]
OS_Post                 0x0000076d   0xc0  Code  Gb  os_core.o [1]
OS_Post1                0x0000082d   0x2a  Code  Gb  os_core.o [1]
OS_PrioGetHighest       0x00000ddd   0x20  Code  Gb  os_prio.o [1]
OS_PrioInit             0x00000dc9   0x14  Code  Gb  os_prio.o [1]
OS_PrioInsert           0x00000dfd   0x2c  Code  Gb  os_prio.o [1]
OS_PrioRemove           0x00000e29   0x2e  Code  Gb  os_prio.o [1]
OS_QInit                0x00002671   0x12  Code  Gb  os_q.o [1]
OS_REC_HEAP             0x20003720   0x1c  Data  Gb  os_task.o [1]
OS_RdyListInit          0x00000857   0x2a  Code  Gb  os_core.o [1]
OS_RdyListInsert        0x00000881   0x28  Code  Gb  os_core.o [1]
OS_RdyListInsertHead    0x000008a9   0x3a  Code  Gb  os_core.o [1]
OS_RdyListInsertTail    0x000008e3   0x38  Code  Gb  os_core.o [1]
OS_RdyListMoveHeadToTail
                        0x00000949   0x40  Code  Gb  os_core.o [1]
OS_RdyListRemove        0x00000989   0x5c  Code  Gb  os_core.o [1]
OS_SchedLockTimeMeasStart
                        0x000009e5   0x14  Code  Gb  os_core.o [1]
OS_SchedLockTimeMeasStop
                        0x000009f9   0x2e  Code  Gb  os_core.o [1]
OS_SchedRoundRobin      0x00000a27   0xa6  Code  Gb  os_core.o [1]
OS_TaskBlock            0x00000b2d   0x38  Code  Gb  os_core.o [1]
OS_TaskDbgListAdd       0x00001cc1   0x2c  Code  Gb  os_task.o [1]
OS_TaskDbgListRemove    0x00001ced   0x4a  Code  Gb  os_task.o [1]
OS_TaskInit             0x00001d37   0x18  Code  Gb  os_task.o [1]
OS_TaskInitTCB          0x00001d59   0xc2  Code  Gb  os_task.o [1]
OS_TaskRdy              0x00000b65   0x1a  Code  Gb  os_core.o [1]
OS_TaskReturn           0x00001e25   0x14  Code  Gb  os_task.o [1]
OS_TaskSemPost          0x00001e4d   0xd4  Code  Gb  os_task.o [1]
OS_TickListInit         0x00002201   0x2e  Code  Gb  os_tick.o [1]
OS_TickListInsert       0x0000222f  0x122  Code  Gb  os_tick.o [1]
OS_TickListRemove       0x00002351   0x42  Code  Gb  os_tick.o [1]
OS_TickListUpdate       0x00002393  0x17a  Code  Gb  os_tick.o [1]
OS_TickTask             0x0000215f   0x2a  Code  Gb  os_tick.o [1]
OS_TickTaskInit         0x00002189   0x78  Code  Gb  os_tick.o [1]
OS_TmrInit              0x0000268d   0xe2  Code  Gb  os_tmr.o [1]
OS_TmrLink              0x0000276f   0xd2  Code  Gb  os_tmr.o [1]
OS_TmrTask              0x00002891   0xac  Code  Gb  os_tmr.o [1]
OS_TmrUnlink            0x00002841   0x4c  Code  Gb  os_tmr.o [1]
OS_revive_rec_task      0x00001f49  0x216  Code  Gb  os_tick.o [1]
PWMGenConfigure         0x000042f5   0x3c  Code  Gb  pwm.o [1]
PWMGenEnable            0x00004353    0xe  Code  Gb  pwm.o [1]
PWMGenPeriodSet         0x00004331   0x22  Code  Gb  pwm.o [1]
PWMOutputInvert         0x000043bb   0x2c  Code  Gb  pwm.o [1]
PWMOutputState          0x0000438f   0x2c  Code  Gb  pwm.o [1]
PWMPulseWidthSet        0x00004361   0x2e  Code  Gb  pwm.o [1]
REC_TASK_ARR            0x200036e4   0x3c  Data  Gb  os_task.o [1]
Region$$Table$$Base     0x00004b04          --   Gb  - Linker created -
Region$$Table$$Limit    0x00004b14          --   Gb  - Linker created -
Right_tgt               0x200037e1    0x1  Data  Gb  app.o [1]
RoboTurn                0x00004793   0xc8  Code  Gb  app.o [1]
SysCtlClockGet          0x0000324f  0x1e4  Code  Gb  sysctl.o [1]
SysCtlClockSet          0x000030f1  0x15e  Code  Gb  sysctl.o [1]
SysCtlDelay             0x000030e9    0x8  Code  Gb  sysctl.o [1]
SysCtlPWMClockSet       0x00003433   0x10  Code  Gb  sysctl.o [1]
SysCtlPeripheralEnable  0x000030bd   0x2c  Code  Gb  sysctl.o [1]
SysCtlPeripheralReset   0x00003051   0x6c  Code  Gb  sysctl.o [1]
__aeabi_memclr4         0x00002e21         Code  Gb  ABImemclr4.o [5]
__aeabi_memcpy4         0x00002e29         Code  Gb  ABImemcpy.o [5]
__aeabi_memcpy8         0x00002e29         Code  Gb  ABImemcpy.o [5]
__cmain                 0x00004b35         Code  Gb  cmain.o [5]
__exit                  0x00004b69   0x14  Code  Gb  exit.o [6]
__iar_Memset4_word      0x0000301d         Code  Gb  ABImemset48.o [5]
__iar_Memset8_word      0x0000301d         Code  Gb  ABImemset48.o [5]
__iar_data_init3        0x00004add   0x28  Code  Gb  data_init.o [5]
__iar_program_start     0x00004c41         Code  Gb  cstartup_M.o [5]
__iar_systems$$module {Abs}
                        0x00000001         Data  Gb  command line/config [2]
__iar_zero_init3        0x000049bd   0x40  Code  Gb  zero_init3.o [5]
__low_level_init        0x00004b53    0x4  Code  Gb  low_level_init.o [3]
__vector_table          0x00000000  0x11c  Data  Gb  app_vect.o [1]
_abs                    0x00000e5d    0xa  Code  Gb  avltree.o [1]
_balance_tree           0x00001125   0xd0  Code  Lc  avltree.o [1]
_call_main              0x00004b41         Code  Gb  cmain.o [5]
_exit                   0x00004b5d         Code  Gb  cexit.o [5]
_main                   0x00004b4f         Code  Gb  cmain.o [5]
_rotate_LL              0x00000ec1   0xd6  Code  Gb  avltree.o [1]
_rotate_LR              0x0000106d   0x5c  Code  Gb  avltree.o [1]
_rotate_RL              0x000010c9   0x5c  Code  Gb  avltree.o [1]
_rotate_RR              0x00000f97   0xd6  Code  Gb  avltree.o [1]
avl_count               0x200037d4    0x2  Data  Gb  os_tick.o [1]
avl_first               0x000011f5   0x12  Code  Gb  avltree.o [1]
avl_init                0x000012e1    0x8  Code  Gb  avltree.o [1]
avl_insert              0x000012e9  0x10c  Code  Gb  avltree.o [1]
avl_next                0x00001207   0x5a  Code  Gb  avltree.o [1]
avl_remove              0x000013f5  0x240  Code  Gb  avltree.o [1]
avl_search              0x00001261   0x2e  Code  Gb  avltree.o [1]
avl_search_greater      0x0000128f   0x52  Code  Gb  avltree.o [1]
avl_set_bf              0x00000ea1   0x20  Code  Gb  avltree.o [1]
avl_set_parent          0x00000e67   0x1c  Code  Gb  avltree.o [1]
base_size               0x00004c6c    0x4  Data  Lc  heap.o [1]
cmp_func                0x00000e83   0x1e  Code  Gb  avltree.o [1]
count                   0x200037d6    0x2  Data  Gb  os_tick.o [1]
exit                    0x00004b57    0x4  Code  Gb  exit.o [3]
g_pucRITInit            0x00004924   0x50  Data  Lc  bsp_display.o [1]
g_pucRow1               0x00004c4c    0x8  Data  Lc  bsp_display.o [1]
g_pucRow2               0x00004c54    0x8  Data  Lc  bsp_display.o [1]
g_pulGPIOBaseAddrs      0x00004974   0x48  Data  Lc  gpio.o [1]
g_pulRCGCRegs           0x00004c28    0xc  Data  Lc  sysctl.o [1]
g_pulSRCRRegs           0x00004c1c    0xc  Data  Lc  sysctl.o [1]
g_pulXtals              0x000048c8   0x5c  Data  Lc  sysctl.o [1]
g_ulDelay               0x20003760    0x4  Data  Lc  bsp_display.o [1]
heap_init               0x00000b81   0x22  Code  Gb  heap.o [1]
heap_pop                0x00000beb   0x7e  Code  Gb  heap.o [1]
heap_push               0x00000ba3   0x48  Code  Gb  heap.o [1]
leftTurn                0x00004641   0x2e  Code  Lc  app.o [1]
leftTurnStk             0x20002290  0x200  Data  Lc  app.o [1]
leftTurnTCB             0x20003308   0x9c  Data  Lc  app.o [1]
main                    0x000043e9   0x56  Code  Gb  app.o [1]
moveBackward            0x00004611   0x2e  Code  Lc  app.o [1]
moveBackwardStk         0x20002090  0x200  Data  Lc  app.o [1]
moveBackwardTCB         0x2000326c   0x9c  Data  Lc  app.o [1]
moveForward             0x000045e1   0x2e  Code  Lc  app.o [1]
moveForwardStk          0x20001e90  0x200  Data  Lc  app.o [1]
moveForwardTCB          0x200031d0   0x9c  Data  Lc  app.o [1]
new_avl_nodeArr         0x20000000  0xfa0  Data  Gb  os_tick.o [1]
new_nodeArr             0x200015e0  0x4b0  Data  Gb  os_tick.o [1]
rightTurn               0x00004671   0x2e  Code  Lc  app.o [1]
rightTurnStk            0x20002490  0x200  Data  Lc  app.o [1]
rightTurnTCB            0x200033a4   0x9c  Data  Lc  app.o [1]


[1] = C:\Users\nickm\OneDrive\Documents\NTU\Year 3\Semester 2\CE4053 Embedded OS\Lab (Free Access)\Repository\ce4053\Micrium Phase 1\Software\EvalBoards\TI\LM3S9B92-EVALBOT\IAR\uCOS-III-CE4053_PG\Flash\Obj
[2] = command line
[3] = dl7M_tlf.a
[4] = m7M_tl.a
[5] = rt7M_tl.a
[6] = shb_l.a

  18 528 bytes of readonly  code memory
   1 209 bytes of readonly  data memory
  15 339 bytes of readwrite data memory

Errors: none
Warnings: none
